CCNN Parameter Log
Created      : 2026-03-19 00:25:00
Script       : writeParameterLog.m
Run folder   : fitTr47p7_fitVa55p8_20260319_002500

eta_out=0.0003 | eta_cand=0.0300 | output_epochs=10/10 | hidden=1/5 | regressors=2 | cand_runs=2
Output plateau epoch : none
Output stopped by moving-avg : 0
Candidate epochs (per unit)  : [10 10]
Candidate plateau epochs      : [NaN NaN]
N-step horizon : 20
Train obj MSE  : 0.274358
Train series RMSE : 30.0686
Val   RMSE      : 25.2114
Train Fit (%)   : 47.69
Val   Fit (%)   : 55.77

MSE history (per hidden unit added): [0.27414088891536 0.27347579500085]
Regressors.u : 1
Regressors.y : 1
Norm method  : zscore
Activation   : diff
Target MSE   : 0.0005
Plateau min delta  : 0
Moving avg window  : 20

Saved figure files:
 - fitTr47p7_fitVa55p8_20260319_002500_train_fit.png
 - fitTr47p7_fitVa55p8_20260319_002500_val_fit.png
 - fitTr47p7_fitVa55p8_20260319_002500_loss_fit.png
 - fitTr47p7_fitVa55p8_20260319_002500_candidatecorr_fit.png
 - fitTr47p7_fitVa55p8_20260319_002500_losshistory_fit.png
