CCNN Parameter Log
Created      : 2026-03-18 23:05:28
Script       : writeParameterLog.m
Run folder   : fitTr85p1_fitVa84p5_20260318_230528

eta_out=0.0001 | eta_cand=0.0030 | output_epochs=100/100 | hidden=3/10 | regressors=2 | cand_runs=4
Output plateau epoch : none
Output stopped by moving-avg : 0
Candidate epochs (per unit)  : [100 100 100 100]
Candidate plateau epochs      : [NaN NaN NaN NaN]
N-step horizon : 20
Train obj MSE  : 0.0228779
Train series RMSE : 0.124796
Val   RMSE      : 0.126966
Train Fit (%)   : 85.11
Val   Fit (%)   : 84.50

MSE history (per hidden unit added): [0.362903673680235 0.227193564063476 0.0321924307649346 0.0221722447787483]
Regressors.u : 1
Regressors.y : 1
Norm method  : zscore
Activation   : diff
Target MSE   : 0.0005
Plateau min delta  : 0
Moving avg window  : 20

Saved figure files:
 - fitTr85p1_fitVa84p5_20260318_230528_train_fit.png
 - fitTr85p1_fitVa84p5_20260318_230528_val_fit.png
 - fitTr85p1_fitVa84p5_20260318_230528_loss_fit.png
 - fitTr85p1_fitVa84p5_20260318_230528_candidatecorr_fit.png
 - fitTr85p1_fitVa84p5_20260318_230528_losshistory_fit.png
