CCNN Parameter Log
Created      : 2026-03-03 15:45:05
Script       : Npred_MiniBatch_Adam_maxCandidate.m
Run folder   : fitTr85p3_fitVa85p4_20260303_154505

eta_out=0.0050 | eta_cand=0.0030 | output_epochs=22/300 | hidden=0/10 | regressors=8 | cand_runs=1
Output plateau epoch : 22
Output stopped by moving-avg : 1
Candidate epochs (per unit)  : 300
Candidate plateau epochs      : NaN
N-step horizon : 20
Train obj MSE  : 0.055069
Train series RMSE : 0.12282
Val   RMSE      : 0.119223
Train Fit (%)   : 85.35
Val   Fit (%)   : 85.45

MSE history (per hidden unit added): 0.0214757209397282
Regressors.u : [1 2 3 4]
Regressors.y : [1 2 3 4]
Norm method  : ZScore
Activation   : tanh
Target MSE   : 0.0005
Plateau min delta  : 0
Moving avg window  : 20

Saved figure files:
 - fitTr85p3_fitVa85p4_20260303_154505_train_fit.png
 - fitTr85p3_fitVa85p4_20260303_154505_val_fit.png
 - fitTr85p3_fitVa85p4_20260303_154505_loss_fit.png
