CCNN Parameter Log
Created      : 2026-03-02 17:50:09
Script       : Npred_MiniBatch_Adam_maxCandidate.m
Run folder   : fitTr82p4_fitVa80p2_20260302_175009

eta_out=0.0050 | eta_cand=0.0030 | output_epochs=500/500 | hidden=0/20 | regressors=8 | cand_runs=1
Output plateau epoch : none
Output stopped by moving-avg : 0
Candidate epochs (per unit)  : 300
Candidate plateau epochs      : NaN
N-step horizon : 5
Train obj MSE  : 0.0489961
Train series RMSE : 0.147261
Val   RMSE      : 0.162314
Train Fit (%)   : 82.43
Val   Fit (%)   : 80.19

MSE history (per hidden unit added): 0.0470377922393476
Regressors.u : [1 2 3 4]
Regressors.y : [1 2 3 4]
Norm method  : ZScore
Activation   : tanh
Target MSE   : 0.0005
Plateau min delta  : 0
Moving avg window  : 20

Saved figure files:
 - fitTr82p4_fitVa80p2_20260302_175009_train_fit.png
 - fitTr82p4_fitVa80p2_20260302_175009_val_fit.png
 - fitTr82p4_fitVa80p2_20260302_175009_loss_fit.png
