CCNN Parameter Log
Created      : 2026-02-25 00:03:32
Script       : Npred_MiniBatch_Adam_maxCandidate.m
Run folder   : fitTr-692919p2_fitVa-945761p0_20260225_000332

eta_out=0.0080 | eta_cand=0.0050 | output_epochs=300/300 | hidden=1/10 | regressors=4 | cand_runs=2
Output plateau epoch : none
Output stopped by moving-avg : 0
Candidate epochs (per unit)  : [300 300]
Candidate plateau epochs      : [NaN NaN]
N-step horizon : 20
Train obj MSE  : 0.00561478
Train series RMSE : 1146.79
Val   RMSE      : 1862.64
Train Fit (%)   : -692919.17
Val   Fit (%)   : -945760.97

MSE history (per hidden unit added): [0.00502510593231224 0.00486880788953311]
Regressors.u : [0 1]
Regressors.y : [1 2]
Norm method  : ZScore
Activation   : tanh
Target MSE   : 0.001
Plateau min delta  : 0
Moving avg window  : 20

Saved figure files:
 - fitTr-692919p2_fitVa-945761p0_20260225_000332_train_fit.png
 - fitTr-692919p2_fitVa-945761p0_20260225_000332_val_fit.png
 - fitTr-692919p2_fitVa-945761p0_20260225_000332_loss_fit.png
