CCNN Parameter Log
Created      : 2026-04-07 12:30:12
Script       : writeParameterLog.m
Run folder   : fitTr52p2_fitVa47p5_20260407_123012

eta_out=0.0050 | eta_cand=0.0030 | output_epochs=25/100 | hidden=1/5 | regressors=2 | cand_runs=2
Output plateau epoch : 25
Output stopped by moving-avg : 1
Candidate epochs (per unit)  : [300 300]
Candidate plateau epochs      : [NaN NaN]
N-step horizon : 20
Train obj MSE  : 0.231786
Train series RMSE : 28.0162
Val   RMSE      : 29.4546
Train Fit (%)   : 52.20
Val   Fit (%)   : 47.47

MSE history (per hidden unit added): [0.232227138349652 0.228261043935659]
Regressors.u : 1
Regressors.y : 1
Norm method  : zscore
Activation   : diff-tanh
Target MSE   : 0.0005
Plateau min delta  : 0
Moving avg window  : 20

Saved figure files:
 - fitTr52p2_fitVa47p5_20260407_123012_train_fit.png
 - fitTr52p2_fitVa47p5_20260407_123012_val_fit.png
 - fitTr52p2_fitVa47p5_20260407_123012_loss_fit.png
 - fitTr52p2_fitVa47p5_20260407_123012_candidatecorr_fit.png
 - fitTr52p2_fitVa47p5_20260407_123012_losshistory_fit.png
