CCNN Parameter Log
Created      : 2026-03-03 17:16:57
Script       : Npred_MiniBatch_Adam_maxCandidate.m
Run folder   : fitTr84p6_fitVa83p7_20260303_171657

eta_out=0.0001 | eta_cand=0.0030 | output_epochs=10/10 | hidden=2/10 | regressors=8 | cand_runs=3
Output plateau epoch : none
Output stopped by moving-avg : 0
Candidate epochs (per unit)  : [10 10 10]
Candidate plateau epochs      : [NaN NaN NaN]
N-step horizon : 20
Train obj MSE  : 0.0239638
Train series RMSE : 0.129401
Val   RMSE      : 0.133772
Train Fit (%)   : 84.56
Val   Fit (%)   : 83.67

MSE history (per hidden unit added): [0.0630053397486514 0.0301132241334271 0.0238386934895942]
Regressors.u : [1 2 3 4]
Regressors.y : [1 2 3 4]
Norm method  : ZScore
Activation   : tanh
Target MSE   : 0.0005
Plateau min delta  : 0
Moving avg window  : 50

Saved figure files:
 - fitTr84p6_fitVa83p7_20260303_171657_train_fit.png
 - fitTr84p6_fitVa83p7_20260303_171657_val_fit.png
 - fitTr84p6_fitVa83p7_20260303_171657_loss_fit.png
