Data source : twotankdata
CCNN Parameter Log
Created      : 2026-05-21 13:16:06
Script       : writeParameterLog.m
Run folder   : fitTr80_fitVa75

eta_out=0.0005 | eta_cand=0.0005 | output_epochs=80/20 | hidden=3/15 | regressors=6 | cand_runs=5
Hidden added : 3
Hidden max   : 15
Output plateau epoch : 80
Candidate epochs (per unit)  : [300 21 25 300 81]
Candidate plateau epochs      : [NaN 21 25 300 81]
Data source   : twotankdata
Twotank sampling time : 0.2
Twotank warmup samples : 20
Twotank filter cutoff  : 0.066902
N-step horizon : 20
Train obj MSE  : 0.0401532
Val   obj MSE  : 0.0873247
Train series RMSE : 0.0331613
Val   RMSE      : 0.0489036
Train Fit (%)   : 79.96
Val   Fit (%)   : 75.17

Hidden units per stage : [0 1 2 3 4]
Train obj MSE history  : [0.0424292632390726 0.0424045534215142 0.0408284275965744 0.0401531697744589 0.0437682569577217]
Val   obj MSE history  : [0.0911853908191813 0.0958754546053894 0.0907828000907407 0.0873246550250484 0.105324560688294]
Train RMSE history     : [0.0340882601701376 0.0340783326189945 0.0334390105119312 0.0331613351660227 0.0346219652634348]
Val   RMSE history     : [0.0499729195123801 0.0512419689170921 0.0498624802776192 0.0489035661452532 0.0537077450612576]
Train Fit history (%)  : [79.4000841797588 79.4060835096403 79.7924329895432 79.9602352980952 79.0775602392619]
Val   Fit history (%)  : [74.6234748606274 73.9790445484499 74.6795565153442 75.1664984195581 72.7269097738351]
Best validation stage  : #4 (hidden=3)
Best validation metric : validation fit = 75.1665
Final model note : selected from an earlier validation stage, not the last hidden-added stage.
MSE history (final selected prefix): [0.0424292632390726 0.0424045534215142 0.0408284275965744 0.0401531697744589]
Regressors.u : [1 2 3]
Regressors.y : [1 2 3]
Norm method  : zscore
Activation   : diff-tanh
Activation clipping : 1
Tustin sample time : 0.2
Diff clip lower : -50
Diff clip upper : 50
Sim loss eval interval : 20
Sim loss min blocks : 3
Output max epochs : 1000
Target MSE   : 0.0005
Plateau min delta  : 0
Moving avg window  : 20
Hidden bootstrap count : 4
Hidden acceptance window : 3

Saved figure files:
 - Train.png
 - Val.png
 - LossFinal.png
 - LossBeforeRevert.png
 - CandidateCorr.png
 - LossHistory.png
