CCNN Parameter Log
Created      : 2026-04-13 00:56:13
Script       : writeParameterLog.m
Run folder   : fitTr63p5_fitVa57p4_20260413_005613

eta_out=0.0050 | eta_cand=0.0030 | output_epochs=22/50 | hidden=15/15 | regressors=2 | cand_runs=15
Output plateau epoch : 22
Output stopped by moving-avg : 1
Candidate epochs (per unit)  : [26 22 21 21 33 21 21 21 29 25 27 21 26 34 34]
Candidate plateau epochs      : [26 22 21 21 33 21 21 21 29 25 27 21 26 34 34]
N-step horizon : 20
Train obj MSE  : 0.13294
Train series RMSE : 21.3807
Val   RMSE      : 23.9016
Train Fit (%)   : 63.52
Val   Fit (%)   : 57.37

MSE history (per hidden unit added): [0.232227138349652 0.232147314342677 0.23167246490341 0.217411344559234 0.188914277019932 0.175103108470326 0.132337653449411 0.135260017789998 0.106160690240882 0.117964133972132 0.0880455831727388 0.108521722260421 0.0989807858643565 0.115042151776828 0.0864299324625901 0.132939995670195]
Regressors.u : 1
Regressors.y : 1
Norm method  : zscore
Activation   : diff
Target MSE   : 0.0005
Plateau min delta  : 0
Moving avg window  : 20

Saved figure files:
 - fitTr63p5_fitVa57p4_20260413_005613_train_fit.png
 - fitTr63p5_fitVa57p4_20260413_005613_val_fit.png
 - fitTr63p5_fitVa57p4_20260413_005613_loss_fit.png
 - fitTr63p5_fitVa57p4_20260413_005613_candidatecorr_fit.png
 - fitTr63p5_fitVa57p4_20260413_005613_losshistory_fit.png
