CCNN Parameter Log
Created      : 2026-04-14 23:36:06
Script       : writeParameterLog.m
Run folder   : fitTr67p8_fitVa67p2_20260414_233606

eta_out=0.0050 | eta_cand=0.0030 | output_epochs=80/20 | hidden=12/15 | regressors=2 | cand_runs=13
Output plateau epoch : 80
Candidate epochs (per unit)  : [24 31 23 26 21 25 22 26 28 23 21 24 22]
Candidate plateau epochs      : [24 31 23 26 21 25 22 26 28 23 21 24 22]
N-step horizon : 20
Train obj MSE  : 0.119244
Train series RMSE : 18.8693
Val   RMSE      : 18.4132
Train Fit (%)   : 67.81
Val   Fit (%)   : 67.16

MSE history (per hidden unit added): [0.232993896206301 0.233289613871468 0.221476049087623 0.224063814929822 0.208940479093926 0.198410926706302 0.154792707361649 0.123887528392035 0.127807943023877 0.108394500170035 0.102579808285417 0.0902390572343633 0.103544297855005]
Regressors.u : 1
Regressors.y : 1
Norm method  : zscore
Activation   : diff
Diff clip lower : -10
Diff clip upper : 10
Sim loss eval interval : 20
Sim loss min blocks : 3
Output max epochs : 100
Target MSE   : 0.0005
Plateau min delta  : 0
Moving avg window  : 20

Saved figure files:
 - fitTr67p8_fitVa67p2_20260414_233606_train_fit.png
 - fitTr67p8_fitVa67p2_20260414_233606_val_fit.png
 - fitTr67p8_fitVa67p2_20260414_233606_loss_fit.png
 - fitTr67p8_fitVa67p2_20260414_233606_candidatecorr_fit.png
 - fitTr67p8_fitVa67p2_20260414_233606_losshistory_fit.png
