CCNN Parameter Log
Created      : 2026-02-25 00:55:53
Script       : Npred_MiniBatch_Adam_maxCandidate.m
Run folder   : fitTr7p9_fitVa13p0_20260225_005553

eta_out=0.0080 | eta_cand=0.0050 | output_epochs=24/100 | hidden=1/10 | regressors=4 | cand_runs=2
Output plateau epoch : 24
Output stopped by moving-avg : 1
Candidate epochs (per unit)  : [100 100]
Candidate plateau epochs      : [NaN NaN]
N-step horizon : 60
Train obj MSE  : 0.0274127
Train series RMSE : 0.152423
Val   RMSE      : 0.171305
Train Fit (%)   : 7.89
Val   Fit (%)   : 13.01

MSE history (per hidden unit added): [0.0212792584000491 0.0199883126279937]
Regressors.u : [0 1]
Regressors.y : [1 2]
Norm method  : ZScore
Activation   : tanh
Target MSE   : 0.001
Plateau min delta  : 0
Moving avg window  : 20

Saved figure files:
 - fitTr7p9_fitVa13p0_20260225_005553_train_fit.png
 - fitTr7p9_fitVa13p0_20260225_005553_val_fit.png
 - fitTr7p9_fitVa13p0_20260225_005553_loss_fit.png
