CCNN Parameter Log
Created      : 2026-02-24 22:49:05
Script       : Npred_MiniBatch_Adam_maxCandidate.m
Run folder   : fitTr76p2_fitVa76p2_20260224_224905

eta_out=0.0080 | eta_cand=0.0050 | output_epochs=100/100 | hidden=0/10 | regressors=4 | cand_runs=1
Output plateau epoch : none
Output stopped by moving-avg : 0
Candidate epochs (per unit)  : 100
Candidate plateau epochs      : NaN
N-step horizon : 20
Train obj MSE  : 0.00525834
Train series RMSE : 0.0393979
Val   RMSE      : 0.0467787
Train Fit (%)   : 76.19
Val   Fit (%)   : 76.25

MSE history (per hidden unit added): 0.00521280822945797
Regressors.u : [0 1]
Regressors.y : [1 2]
Norm method  : ZScore
Activation   : tanh
Target MSE   : 0.001
Plateau min delta  : 0
Moving avg window  : 20

Saved figure files:
 - fitTr76p2_fitVa76p2_20260224_224905_train_fit.png
 - fitTr76p2_fitVa76p2_20260224_224905_val_fit.png
 - fitTr76p2_fitVa76p2_20260224_224905_loss_fit.png
