CCNN Parameter Log
Created      : 2026-02-18 14:09:56
Script       : CCNN_Npred_Plateau.m
Run folder   : eta0p01-0p09_ep100-100_hid4_reg2_20260218_140956

eta_out=0.0100 | eta_cand=0.0900 | output_epochs=12/100 | hidden=4/15 | regressors=2 | cand_runs=5
Output plateau epoch : 12
Candidate epochs (per unit)  : [14 26 47 28 16]
Candidate plateau epochs      : [14 26 47 28 16]
N-step horizon : 20
Train MSE       : 0.0501712
Train Fit (%)   : 32.65
Val   Fit (%)   : 38.84

Regressors.u : 0
Regressors.y : 1
Norm method  : ZScore
Activation   : tanh
Target MSE   : 5e-05
Plateau min delta : 0.0001
Plateau patience  : 10

Saved figure files:
 - eta0p01-0p09_ep100-100_hid4_reg2_20260218_140956_train_fit.png
 - eta0p01-0p09_ep100-100_hid4_reg2_20260218_140956_val_fit.png
