CCNN Parameter Log
Created      : 2026-03-02 16:37:17
Script       : Npred_MiniBatch_Adam_maxCandidate.m
Run folder   : fitTr78p5_fitVa77p3_20260302_163718

eta_out=0.0080 | eta_cand=0.0050 | output_epochs=100/100 | hidden=0/3 | regressors=2 | cand_runs=1
Output plateau epoch : none
Output stopped by moving-avg : 0
Candidate epochs (per unit)  : 100
Candidate plateau epochs      : NaN
N-step horizon : 20
Train obj MSE  : 0.00658266
Train series RMSE : 0.0355875
Val   RMSE      : 0.0447761
Train Fit (%)   : 78.49
Val   Fit (%)   : 77.26

MSE history (per hidden unit added): 0.00562409551155389
Regressors.u : 0
Regressors.y : 1
Norm method  : ZScore
Activation   : tanh
Target MSE   : 0.001
Plateau min delta  : 0
Moving avg window  : 20

Saved figure files:
 - fitTr78p5_fitVa77p3_20260302_163718_train_fit.png
 - fitTr78p5_fitVa77p3_20260302_163718_val_fit.png
 - fitTr78p5_fitVa77p3_20260302_163718_loss_fit.png
