CCNN Parameter Log (v0.2 - frozen prev weights)
Created      : 2026-03-02 18:10:36
Script       : Npred_MiniBatch_Adam_maxCandidate.m
Run folder   : fitTr87p2_fitVa84p6_20260302_181036

eta_out=0.0050 | eta_cand=0.0030 | output_epochs=500/500 | hidden=0/10 | regressors=8 | cand_runs=1
Frozen prev weights : true
Output plateau epoch : none
Output stopped by moving-avg : 0
Candidate epochs (per unit)  : 300
Candidate plateau epochs      : NaN
N-step horizon : 20
Train obj MSE  : 0.0451624
Train RMSE     : 0.107634
Val   RMSE     : 0.126392
Train Fit (%)  : 87.16
Val   Fit (%)  : 84.57

MSE history (per hidden unit added): 0.0445765940305945
Regressors.u : [1 2 3 4]
Regressors.y : [1 2 3 4]
Norm method  : ZScore
Activation   : tanh
Target MSE   : 0.0005
Plateau min delta  : 0
Moving avg window  : 20

Saved figure files:
 - fitTr87p2_fitVa84p6_20260302_181036_train_fit.png
 - fitTr87p2_fitVa84p6_20260302_181036_val_fit.png
 - fitTr87p2_fitVa84p6_20260302_181036_loss_fit.png
