CCNN Parameter Log
Created      : 2026-02-20 19:30:15
Script       : Npred_MiniBatch_Adam.m
Run folder   : fitTr79p6_fitVa74p8_20260220_193015

eta_out=0.0080 | eta_cand=0.0500 | output_epochs=14/100 | hidden=0/5 | regressors=4 | cand_runs=1
Output plateau epoch : 14
Output stopped by moving-avg : 0
Candidate epochs (per unit)  : 100
Candidate plateau epochs      : NaN
N-step horizon : 20
Train obj RMSE  : 0.0997822
Train series RMSE : 0.033712
Val   RMSE      : 0.0496452
Train Fit (%)   : 79.63
Val   Fit (%)   : 74.79

MSE history (per hidden unit added): 0.075792388529727
Regressors.u : [0 1]
Regressors.y : [1 2]
Norm method  : ZScore
Activation   : tanh
Target MSE   : 5e-05
Plateau min delta : 0
Plateau patience  : 10

Saved figure files:
 - fitTr79p6_fitVa74p8_20260220_193015_train_fit.png
 - fitTr79p6_fitVa74p8_20260220_193015_val_fit.png
 - fitTr79p6_fitVa74p8_20260220_193015_loss_fit.png
