CCNN Parameter Log
Created      : 2026-03-19 00:23:02
Script       : writeParameterLog.m
Run folder   : fitTr53p5_fitVa47p5_20260319_002302

eta_out=0.0003 | eta_cand=0.0030 | output_epochs=100/100 | hidden=1/10 | regressors=8 | cand_runs=2
Output plateau epoch : none
Output stopped by moving-avg : 0
Candidate epochs (per unit)  : [100 100]
Candidate plateau epochs      : [NaN NaN]
N-step horizon : 20
Train obj MSE  : 0.217123
Train series RMSE : 27.2405
Val   RMSE      : 29.4306
Train Fit (%)   : 53.53
Val   Fit (%)   : 47.51

MSE history (per hidden unit added): [0.226766532105636 0.215796679510028]
Regressors.u : [1 2 3 4]
Regressors.y : [1 2 3 4]
Norm method  : ZScore
Activation   : diff-tanh
Target MSE   : 0.0005
Plateau min delta  : 0
Moving avg window  : 20

Saved figure files:
 - fitTr53p5_fitVa47p5_20260319_002302_train_fit.png
 - fitTr53p5_fitVa47p5_20260319_002302_val_fit.png
 - fitTr53p5_fitVa47p5_20260319_002302_loss_fit.png
 - fitTr53p5_fitVa47p5_20260319_002302_candidatecorr_fit.png
 - fitTr53p5_fitVa47p5_20260319_002302_losshistory_fit.png
