CCNN Parameter Log
Created      : 2026-03-02 17:15:45
Script       : Npred_MiniBatch_Adam_maxCandidate.m
Run folder   : fitTr59p9_fitVa60p4_20260302_171545

eta_out=0.0080 | eta_cand=0.0050 | output_epochs=10/10 | hidden=0/15 | regressors=10 | cand_runs=1
Output plateau epoch : none
Output stopped by moving-avg : 0
Candidate epochs (per unit)  : 10
Candidate plateau epochs      : NaN
N-step horizon : 20
Train obj MSE  : 0.006237
Train series RMSE : 0.0663853
Val   RMSE      : 0.0779231
Train Fit (%)   : 59.88
Val   Fit (%)   : 60.43

MSE history (per hidden unit added): 0.00569731476523967
Regressors.u : [0 1 2 3 4]
Regressors.y : [1 2 3 4 5]
Norm method  : ZScore
Activation   : tanh
Target MSE   : 0.001
Plateau min delta  : 0
Moving avg window  : 20

Saved figure files:
 - fitTr59p9_fitVa60p4_20260302_171545_train_fit.png
 - fitTr59p9_fitVa60p4_20260302_171545_val_fit.png
 - fitTr59p9_fitVa60p4_20260302_171545_loss_fit.png
