CCNN Parameter Log
Created      : 2026-04-06 23:11:56
Script       : writeParameterLog.m
Run folder   : fitTrNaN_fitVaNaN_20260406_231156

eta_out=0.0050 | eta_cand=0.0300 | output_epochs=100/100 | hidden=2/2 | regressors=2 | cand_runs=2
Output plateau epoch : none
Output stopped by moving-avg : 0
Candidate epochs (per unit)  : [100 100]
Candidate plateau epochs      : [NaN NaN]
N-step horizon : 20
Train obj MSE  : NaN
Train series RMSE : NaN
Val   RMSE      : NaN
Train Fit (%)   : NaN
Val   Fit (%)   : NaN

MSE history (per hidden unit added): [0.231917407302232 0.225369923257147 NaN]
Regressors.u : 1
Regressors.y : 1
Norm method  : zscore
Activation   : diff
Target MSE   : 0.0005
Plateau min delta  : 0
Moving avg window  : 20

Saved figure files:
 - fitTrNaN_fitVaNaN_20260406_231156_train_fit.png
 - fitTrNaN_fitVaNaN_20260406_231156_val_fit.png
 - fitTrNaN_fitVaNaN_20260406_231156_loss_fit.png
 - fitTrNaN_fitVaNaN_20260406_231156_candidatecorr_fit.png
 - fitTrNaN_fitVaNaN_20260406_231156_losshistory_fit.png
