CCNN Parameter Log
Created      : 2026-04-13 21:48:20
Script       : writeParameterLog.m
Run folder   : fitTr81p0_fitVa73p9_20260413_214820

eta_out=0.0050 | eta_cand=0.0030 | output_epochs=21/100 | hidden=15/15 | regressors=2 | cand_runs=15
Output plateau epoch : 21
Output stopped by moving-avg : 1
Candidate epochs (per unit)  : [100 100 100 100 100 100 100 100 22 100 100 100 100 100 100]
Candidate plateau epochs      : [NaN NaN NaN NaN NaN NaN NaN NaN 22 NaN NaN NaN NaN NaN NaN]
N-step horizon : 20
Train obj MSE  : 0.0362356
Train series RMSE : 11.1625
Val   RMSE      : 14.645
Train Fit (%)   : 80.96
Val   Fit (%)   : 73.88

MSE history (per hidden unit added): [0.232227138349652 0.0791069241607586 0.0760424643220456 0.0551210105621395 0.0346436626979738 0.0337987561090014 0.0392227286914947 0.0468552576866934 0.0360881556479277 0.037553167351445 0.0373634166282767 0.0441191838768699 0.0398727430537795 0.039390828066026 0.0371352882580218 0.0362356037584793]
Regressors.u : 1
Regressors.y : 1
Norm method  : zscore
Activation   : tanh
Target MSE   : 0.0005
Plateau min delta  : 0
Moving avg window  : 20

Saved figure files:
 - fitTr81p0_fitVa73p9_20260413_214820_train_fit.png
 - fitTr81p0_fitVa73p9_20260413_214820_val_fit.png
 - fitTr81p0_fitVa73p9_20260413_214820_loss_fit.png
 - fitTr81p0_fitVa73p9_20260413_214820_candidatecorr_fit.png
 - fitTr81p0_fitVa73p9_20260413_214820_losshistory_fit.png
