CCNN Parameter Log
Created      : 2026-03-02 18:03:45
Script       : Npred_MiniBatch_Adam_maxCandidate.m
Run folder   : fitTr80p8_fitVa80p6_20260302_180345

eta_out=0.0050 | eta_cand=0.0030 | output_epochs=10/10 | hidden=3/20 | regressors=8 | cand_runs=4
Output plateau epoch : none
Output stopped by moving-avg : 0
Candidate epochs (per unit)  : [300 300 300 300]
Candidate plateau epochs      : [NaN NaN NaN NaN]
N-step horizon : 1
Train obj MSE  : 0.0028255
Train series RMSE : 0.160576
Val   RMSE      : 0.158996
Train Fit (%)   : 80.84
Val   Fit (%)   : 80.59

MSE history (per hidden unit added): [0.0380798638601439 0.0052898219209017 0.00321506002811149 0.00288120511508806]
Regressors.u : [1 2 3 4]
Regressors.y : [1 2 3 4]
Norm method  : ZScore
Activation   : tanh
Target MSE   : 0.0005
Plateau min delta  : 0
Moving avg window  : 20

Saved figure files:
 - fitTr80p8_fitVa80p6_20260302_180345_train_fit.png
 - fitTr80p8_fitVa80p6_20260302_180345_val_fit.png
 - fitTr80p8_fitVa80p6_20260302_180345_loss_fit.png
