CCNN Parameter Log
Created      : 2026-03-24 14:52:31
Script       : writeParameterLog.m
Run folder   : fitTr52p5_fitVa48p3_20260324_145231

eta_out=0.0025 | eta_cand=0.0300 | output_epochs=22/100 | hidden=1/10 | regressors=2 | cand_runs=2
Output plateau epoch : 22
Output stopped by moving-avg : 1
Candidate epochs (per unit)  : [100 100]
Candidate plateau epochs      : [NaN NaN]
N-step horizon : 20
Train obj MSE  : Inf
Train series RMSE : 27.862
Val   RMSE      : 28.9711
Train Fit (%)   : 52.47
Val   Fit (%)   : 48.33

MSE history (per hidden unit added): [0.2347499481221 0.225755948888852]
Regressors.u : 1
Regressors.y : 1
Norm method  : zscore
Activation   : diff
Target MSE   : 0.0005
Plateau min delta  : 0
Moving avg window  : 20

Saved figure files:
 - fitTr52p5_fitVa48p3_20260324_145231_train_fit.png
 - fitTr52p5_fitVa48p3_20260324_145231_val_fit.png
 - fitTr52p5_fitVa48p3_20260324_145231_loss_fit.png
 - fitTr52p5_fitVa48p3_20260324_145231_candidatecorr_fit.png
 - fitTr52p5_fitVa48p3_20260324_145231_losshistory_fit.png
