CCNN Parameter Log
Created      : 2026-02-25 00:42:35
Script       : Npred_MiniBatch_Adam_maxCandidate.m
Run folder   : fitTr49p2_fitVa43p6_20260225_004235

eta_out=0.0080 | eta_cand=0.0050 | output_epochs=31/100 | hidden=2/10 | regressors=4 | cand_runs=3
Output plateau epoch : 31
Output stopped by moving-avg : 1
Candidate epochs (per unit)  : [100 100 100]
Candidate plateau epochs      : [NaN NaN NaN]
N-step horizon : 20
Train obj MSE  : 0.00487117
Train series RMSE : 0.0839993
Val   RMSE      : 0.111151
Train Fit (%)   : 49.24
Val   Fit (%)   : 43.56

MSE history (per hidden unit added): [0.00554834388399891 0.00539690919399514 0.00479900655327535]
Regressors.u : [0 1]
Regressors.y : [1 2]
Norm method  : ZScore
Activation   : tanh
Target MSE   : 0.001
Plateau min delta  : 0
Moving avg window  : 20

Saved figure files:
 - fitTr49p2_fitVa43p6_20260225_004235_train_fit.png
 - fitTr49p2_fitVa43p6_20260225_004235_val_fit.png
 - fitTr49p2_fitVa43p6_20260225_004235_loss_fit.png
