CCNN Parameter Log
Created      : 2026-04-13 15:57:11
Script       : writeParameterLog.m
Run folder   : fitTr79p0_fitVa71p9_20260413_155711

eta_out=0.0050 | eta_cand=0.0030 | output_epochs=22/100 | hidden=5/5 | regressors=2 | cand_runs=5
Output plateau epoch : 22
Output stopped by moving-avg : 1
Candidate epochs (per unit)  : [21 21 21 100 100]
Candidate plateau epochs      : [21 21 21 NaN NaN]
N-step horizon : 20
Train obj MSE  : 0.04408
Train series RMSE : 0.034745
Val   RMSE      : 0.0554018
Train Fit (%)   : 79.00
Val   Fit (%)   : 71.87

MSE history (per hidden unit added): [0.0406327673413372 0.0415183801248703 0.0493208466593012 0.0444093252354497 0.0436754151754256 0.0440799691712935]
Regressors.u : 1
Regressors.y : 1
Norm method  : zscore
Activation   : diff
Target MSE   : 0.0005
Plateau min delta  : 0
Moving avg window  : 20

Saved figure files:
 - fitTr79p0_fitVa71p9_20260413_155711_train_fit.png
 - fitTr79p0_fitVa71p9_20260413_155711_val_fit.png
 - fitTr79p0_fitVa71p9_20260413_155711_loss_fit.png
 - fitTr79p0_fitVa71p9_20260413_155711_candidatecorr_fit.png
 - fitTr79p0_fitVa71p9_20260413_155711_losshistory_fit.png
