CCNN Parameter Log
Created      : 2026-03-09 18:39:19
Script       : writeParameterLog.m
Run folder   : fitTr39p4_fitVa36p9_20260309_183919

eta_out=0.0050 | eta_cand=0.0030 | output_epochs=100/100 | hidden=0/10 | regressors=2 | cand_runs=1
Output plateau epoch : none
Output stopped by moving-avg : 0
Candidate epochs (per unit)  : 100
Candidate plateau epochs      : NaN
N-step horizon : 20
Train obj MSE  : 0.4261
Train series RMSE : 0.508285
Val   RMSE      : 0.517271
Train Fit (%)   : 39.35
Val   Fit (%)   : 36.86

MSE history (per hidden unit added): 0.367809632263714
Regressors.u : 1
Regressors.y : 1
Norm method  : zscore
Activation   : diff
Target MSE   : 0.0005
Plateau min delta  : 0
Moving avg window  : 20

Saved figure files:
 - fitTr39p4_fitVa36p9_20260309_183919_train_fit.png
 - fitTr39p4_fitVa36p9_20260309_183919_val_fit.png
 - fitTr39p4_fitVa36p9_20260309_183919_loss_fit.png
 - fitTr39p4_fitVa36p9_20260309_183919_candidatecorr_fit.png
 - fitTr39p4_fitVa36p9_20260309_183919_losshistory_fit.png
