CCNN Parameter Log
Created      : 2026-02-15 14:28:55
Script       : CCNN_Npred_Plateau.m
Run folder   : eta0p008-0p05_ep100-100_hid1_reg6_20260215_142855

eta_out=0.0080 | eta_cand=0.0500 | output_epochs=11/100 | hidden=1/15 | regressors=6 | cand_runs=2
Output plateau epoch : 11
Candidate epochs (per unit)  : [43 74]
Candidate plateau epochs      : [43 74]
N-step horizon : 1496
Train MSE       : 0.0719761
Train Fit (%)   : 65.03
Val   Fit (%)   : 70.84

Regressors.u : [0 1 2]
Regressors.y : [1 2 3]
Norm method  : ZScore
Activation   : sigmoid
Target MSE   : 5e-05
Plateau min delta : 0.0001
Plateau patience  : 10

Saved figure files:
 - eta0p008-0p05_ep100-100_hid1_reg6_20260215_142855_train_fit.png
 - eta0p008-0p05_ep100-100_hid1_reg6_20260215_142855_val_fit.png
