CCNN Parameter Log
Created      : 2026-02-20 15:01:41
Script       : Npred_MiniBatch_Adam.m
Run folder   : eta0p008-0p05_ep100-100_hid0_reg2_20260220_150141

eta_out=0.0080 | eta_cand=0.0500 | output_epochs=100/100 | hidden=0/5 | regressors=2 | cand_runs=1
Output plateau epoch : none
Candidate epochs (per unit)  : 100
Candidate plateau epochs      : NaN
N-step horizon : 20
Train obj RMSE  : 0.0797416
Train series RMSE : 0.0556653
Val   RMSE      : 0.0672135
Train Fit (%)   : 66.36
Val   Fit (%)   : 65.87

Regressors.u : 0
Regressors.y : 1
Norm method  : ZScore
Activation   : tanh
Target MSE   : 5e-05
Plateau min delta : -Inf
Plateau patience  : 20

Saved figure files:
 - eta0p008-0p05_ep100-100_hid0_reg2_20260220_150141_train_fit.png
 - eta0p008-0p05_ep100-100_hid0_reg2_20260220_150141_val_fit.png
