CCNN Parameter Log
Created      : 2026-03-24 12:35:26
Script       : writeParameterLog.m
Run folder   : fitTr87p2_fitVa85p6_20260324_123526

eta_out=0.0001 | eta_cand=0.0030 | output_epochs=21/100 | hidden=3/5 | regressors=2 | cand_runs=4
Output plateau epoch : 21
Output stopped by moving-avg : 1
Candidate epochs (per unit)  : [100 100 100 100]
Candidate plateau epochs      : [NaN NaN NaN NaN]
N-step horizon : 20
Train obj MSE  : 0.0168876
Train series RMSE : 0.107643
Val   RMSE      : 0.117623
Train Fit (%)   : 87.16
Val   Fit (%)   : 85.64

MSE history (per hidden unit added): [0.364610453707186 0.260947290619203 0.0821533101378551 0.0164959709585153]
Regressors.u : 1
Regressors.y : 1
Norm method  : zscore
Activation   : diff
Target MSE   : 0.0005
Plateau min delta  : 0
Moving avg window  : 20

Saved figure files:
 - fitTr87p2_fitVa85p6_20260324_123526_train_fit.png
 - fitTr87p2_fitVa85p6_20260324_123526_val_fit.png
 - fitTr87p2_fitVa85p6_20260324_123526_loss_fit.png
 - fitTr87p2_fitVa85p6_20260324_123526_candidatecorr_fit.png
 - fitTr87p2_fitVa85p6_20260324_123526_losshistory_fit.png
