CCNN Parameter Log
Created      : 2026-02-18 16:33:35
Script       : Npred_MiniBatch_Adam.m
Run folder   : eta0p008-0p05_ep100-100_hid2_reg2_20260218_163335

eta_out=0.0080 | eta_cand=0.0500 | output_epochs=13/100 | hidden=2/15 | regressors=2 | cand_runs=3
Output plateau epoch : 13
Candidate epochs (per unit)  : [61 100 100]
Candidate plateau epochs      : [61 NaN NaN]
N-step horizon : 20
Train obj RMSE  : 0.0761097
Train series RMSE : 0.046287
Val   RMSE      : 0.0557384
Train Fit (%)   : 72.03
Val   Fit (%)   : 71.70

Regressors.u : 0
Regressors.y : 1
Norm method  : ZScore
Activation   : sigmoid
Target MSE   : 5e-05
Plateau min delta : 0.0001
Plateau patience  : 10

Saved figure files:
 - eta0p008-0p05_ep100-100_hid2_reg2_20260218_163335_train_fit.png
 - eta0p008-0p05_ep100-100_hid2_reg2_20260218_163335_val_fit.png
