CCNN Parameter Log
Created      : 2026-02-16 16:22:37
Script       : CCNN_Npred_Plateau.m
Run folder   : eta0p008-0p05_ep100-100_hid1_reg6_20260216_162237

eta_out=0.0080 | eta_cand=0.0500 | output_epochs=13/100 | hidden=1/15 | regressors=6 | cand_runs=2
Output plateau epoch : 13
Candidate epochs (per unit)  : [100 19]
Candidate plateau epochs      : [NaN 19]
N-step horizon : 1486
Train MSE       : 0.119398
Train Fit (%)   : 66.91
Val   Fit (%)   : 72.77

Regressors.u : [0 1 2]
Regressors.y : [1 2 3]
Norm method  : ZScore
Activation   : sigmoid
Target MSE   : 5e-05
Plateau min delta : 0.0001
Plateau patience  : 10

Saved figure files:
 - eta0p008-0p05_ep100-100_hid1_reg6_20260216_162237_train_fit.png
 - eta0p008-0p05_ep100-100_hid1_reg6_20260216_162237_val_fit.png
