CCNN Parameter Log
Created      : 2026-03-24 18:21:03
Script       : writeParameterLog.m
Run folder   : fitTr54p5_fitVa48p5_20260324_182103

eta_out=0.0000 | eta_cand=0.3000 | output_epochs=25/100 | hidden=10/10 | regressors=2 | cand_runs=10
Output plateau epoch : 25
Output stopped by moving-avg : 1
Candidate epochs (per unit)  : [100 25 24 31 22 38 27 22 22 34]
Candidate plateau epochs      : [NaN 25 24 31 22 38 27 22 22 34]
N-step horizon : 20
Train obj MSE  : 0.206426
Train series RMSE : 26.6425
Val   RMSE      : 28.8805
Train Fit (%)   : 54.55
Val   Fit (%)   : 48.49

MSE history (per hidden unit added): [0.232227138349652 0.226455805303662 0.231190625276322 0.234192233888288 0.261851907388112 0.268812215862011 0.257299398243191 0.231174526826319 0.217235311286861 0.212621886799781 0.206425782052168]
Regressors.u : 1
Regressors.y : 1
Norm method  : zscore
Activation   : diff-tanh
Target MSE   : 0.0005
Plateau min delta  : 0
Moving avg window  : 20

Saved figure files:
 - fitTr54p5_fitVa48p5_20260324_182103_train_fit.png
 - fitTr54p5_fitVa48p5_20260324_182103_val_fit.png
 - fitTr54p5_fitVa48p5_20260324_182103_loss_fit.png
 - fitTr54p5_fitVa48p5_20260324_182103_candidatecorr_fit.png
 - fitTr54p5_fitVa48p5_20260324_182103_losshistory_fit.png
