CCNN Parameter Log
Created      : 2026-04-12 17:20:23
Script       : writeParameterLog.m
Run folder   : fitTr58p1_fitVa52p2_20260412_172023

eta_out=0.0050 | eta_cand=0.0030 | output_epochs=25/50 | hidden=5/5 | regressors=2 | cand_runs=5
Output plateau epoch : 25
Output stopped by moving-avg : 1
Candidate epochs (per unit)  : [26 22 21 21 33]
Candidate plateau epochs      : [26 22 21 21 33]
N-step horizon : 20
Train obj MSE  : 0.175103
Train series RMSE : 24.5381
Val   RMSE      : 26.8269
Train Fit (%)   : 58.14
Val   Fit (%)   : 52.15

MSE history (per hidden unit added): [0.232227138349652 0.232147314342677 0.23167246490341 0.217411344559234 0.188914277019932 0.175103108470326]
Regressors.u : 1
Regressors.y : 1
Norm method  : zscore
Activation   : diff
Target MSE   : 0.0005
Plateau min delta  : 0
Moving avg window  : 20

Saved figure files:
 - fitTr58p1_fitVa52p2_20260412_172023_train_fit.png
 - fitTr58p1_fitVa52p2_20260412_172023_val_fit.png
 - fitTr58p1_fitVa52p2_20260412_172023_loss_fit.png
 - fitTr58p1_fitVa52p2_20260412_172023_candidatecorr_fit.png
 - fitTr58p1_fitVa52p2_20260412_172023_losshistory_fit.png
