CCNN Parameter Log
Created      : 2026-04-07 16:20:48
Script       : writeParameterLog.m
Run folder   : fitTr79p5_fitVa74p2_20260407_162048

eta_out=0.0050 | eta_cand=0.0030 | output_epochs=21/100 | hidden=0/5 | regressors=4 | cand_runs=1
Output plateau epoch : 21
Output stopped by moving-avg : 1
Candidate epochs (per unit)  : 63
Candidate plateau epochs      : 63
N-step horizon : 20
Train obj MSE  : 0.0439517
Train series RMSE : 0.0339658
Val   RMSE      : 0.0507639
Train Fit (%)   : 79.47
Val   Fit (%)   : 74.22

MSE history (per hidden unit added): 0.0421250161292747
Regressors.u : [0 1]
Regressors.y : [1 2]
Norm method  : zscore
Activation   : diff-sigmoid
Target MSE   : 0.0005
Plateau min delta  : 0
Moving avg window  : 20

Saved figure files:
 - fitTr79p5_fitVa74p2_20260407_162048_train_fit.png
 - fitTr79p5_fitVa74p2_20260407_162048_val_fit.png
 - fitTr79p5_fitVa74p2_20260407_162048_loss_fit.png
 - fitTr79p5_fitVa74p2_20260407_162048_candidatecorr_fit.png
 - fitTr79p5_fitVa74p2_20260407_162048_losshistory_fit.png
