CCNN Parameter Log
Created      : 2026-02-18 16:03:08
Script       : Npred_MiniBatch_Adam.m
Run folder   : eta0p008-0p05_ep100-100_hid1_reg2_20260218_160308

eta_out=0.0080 | eta_cand=0.0500 | output_epochs=12/100 | hidden=1/15 | regressors=2 | cand_runs=2
Output plateau epoch : 12
Candidate epochs (per unit)  : [11 100]
Candidate plateau epochs      : [11 NaN]
N-step horizon : 20
Train MSE       : 0.00498788
Train Fit (%)   : 80.75
Val   Fit (%)   : 82.68

Regressors.u : 0
Regressors.y : 1
Norm method  : ZScore
Activation   : tanh
Target MSE   : 5e-05
Plateau min delta : 0.0001
Plateau patience  : 10

Saved figure files:
 - eta0p008-0p05_ep100-100_hid1_reg2_20260218_160308_train_fit.png
 - eta0p008-0p05_ep100-100_hid1_reg2_20260218_160308_val_fit.png
