CCNN Parameter Log
Created      : 2026-03-10 13:51:25
Script       : writeParameterLog.m
Run folder   : fitTr39p8_fitVa37p5_20260310_135125

eta_out=0.0005 | eta_cand=0.0030 | output_epochs=100/100 | hidden=0/10 | regressors=2 | cand_runs=1
Output plateau epoch : none
Output stopped by moving-avg : 0
Candidate epochs (per unit)  : 100
Candidate plateau epochs      : NaN
N-step horizon : 20
Train obj MSE  : 0.366531
Train series RMSE : 0.50492
Val   RMSE      : 0.511954
Train Fit (%)   : 39.75
Val   Fit (%)   : 37.51

MSE history (per hidden unit added): 0.362955542138801
Regressors.u : 1
Regressors.y : 1
Norm method  : zscore
Activation   : linear
Target MSE   : 0.0005
Plateau min delta  : 0
Moving avg window  : 20

Saved figure files:
 - fitTr39p8_fitVa37p5_20260310_135125_train_fit.png
 - fitTr39p8_fitVa37p5_20260310_135125_val_fit.png
 - fitTr39p8_fitVa37p5_20260310_135125_loss_fit.png
 - fitTr39p8_fitVa37p5_20260310_135125_candidatecorr_fit.png
 - fitTr39p8_fitVa37p5_20260310_135125_losshistory_fit.png
