CCNN Parameter Log
Created      : 2026-02-24 15:41:22
Script       : Npred_MiniBatch_Adam_maxCandidate.m
Run folder   : fitTr71p9_fitVa61p9_20260224_154122

eta_out=0.0080 | eta_cand=0.0500 | output_epochs=24/100 | hidden=0/10 | regressors=2 | cand_runs=1
Output plateau epoch : 24
Output stopped by moving-avg : 1
Candidate epochs (per unit)  : 22
Candidate plateau epochs      : 22
N-step horizon : 20
Train obj RMSE  : 0.0772018
Train series RMSE : 0.046494
Val   RMSE      : 0.075062
Train Fit (%)   : 71.90
Val   Fit (%)   : 61.88

MSE history (per hidden unit added): 0.0706606853334144
Regressors.u : 0
Regressors.y : 1
Norm method  : ZScore
Activation   : tanh
Target MSE   : 5e-05
Plateau min delta  : 0
Moving avg window  : 20

Saved figure files:
 - fitTr71p9_fitVa61p9_20260224_154122_train_fit.png
 - fitTr71p9_fitVa61p9_20260224_154122_val_fit.png
 - fitTr71p9_fitVa61p9_20260224_154122_loss_fit.png
