CCNN Parameter Log
Created      : 2026-04-13 21:27:39
Script       : writeParameterLog.m
Run folder   : fitTr81p2_fitVa77p7_20260413_212739

eta_out=0.0050 | eta_cand=0.0030 | output_epochs=22/100 | hidden=15/15 | regressors=2 | cand_runs=15
Output plateau epoch : 22
Output stopped by moving-avg : 1
Candidate epochs (per unit)  : [100 100 100 100 100 100 100 100 100 100 100 100 100 100 100]
Candidate plateau epochs      : [NaN NaN NaN NaN NaN NaN NaN NaN NaN NaN NaN NaN NaN NaN NaN]
N-step horizon : 20
Train obj MSE  : 0.035242
Train series RMSE : 0.0310672
Val   RMSE      : 0.0439176
Train Fit (%)   : 81.23
Val   Fit (%)   : 77.70

MSE history (per hidden unit added): [0.0406327673413372 0.0453057035801441 0.0464173992210841 0.0485508115038506 0.0750425633965336 0.0427597347055534 0.0385138618393958 0.0462198786256785 0.0341563015588674 0.0401396543562491 0.0497542330819273 0.0332104264288566 0.0344904217059406 0.0429757605531203 0.0351088317710416 0.0352419648829819]
Regressors.u : 1
Regressors.y : 1
Norm method  : zscore
Activation   : tanh
Target MSE   : 0.0005
Plateau min delta  : 0
Moving avg window  : 20

Saved figure files:
 - fitTr81p2_fitVa77p7_20260413_212739_train_fit.png
 - fitTr81p2_fitVa77p7_20260413_212739_val_fit.png
 - fitTr81p2_fitVa77p7_20260413_212739_loss_fit.png
 - fitTr81p2_fitVa77p7_20260413_212739_candidatecorr_fit.png
 - fitTr81p2_fitVa77p7_20260413_212739_losshistory_fit.png
