CCNN Parameter Log
Created      : 2026-03-29 14:57:38
Script       : writeParameterLog.m
Run folder   : fitTr51p8_fitVa46p4_20260329_145738

eta_out=0.0050 | eta_cand=0.0300 | output_epochs=28/100 | hidden=0/5 | regressors=2 | cand_runs=1
Output plateau epoch : 28
Output stopped by moving-avg : 1
Candidate epochs (per unit)  : 26
Candidate plateau epochs      : 26
N-step horizon : 20
Train obj MSE  : 0.232314
Train series RMSE : 28.2585
Val   RMSE      : 30.0522
Train Fit (%)   : 51.79
Val   Fit (%)   : 46.40

MSE history (per hidden unit added): 0.232227138349652
Regressors.u : 1
Regressors.y : 1
Norm method  : zscore
Activation   : diff
Target MSE   : 0.0005
Plateau min delta  : 0
Moving avg window  : 20

Saved figure files:
 - fitTr51p8_fitVa46p4_20260329_145738_train_fit.png
 - fitTr51p8_fitVa46p4_20260329_145738_val_fit.png
 - fitTr51p8_fitVa46p4_20260329_145738_loss_fit.png
 - fitTr51p8_fitVa46p4_20260329_145738_candidatecorr_fit.png
 - fitTr51p8_fitVa46p4_20260329_145738_losshistory_fit.png
