CCNN Parameter Log
Created      : 2026-03-24 13:33:00
Script       : writeParameterLog.m
Run folder   : fitTr77p8_fitVa83p5_20260324_133300

eta_out=0.0050 | eta_cand=0.0300 | output_epochs=21/300 | hidden=5/100 | regressors=6 | cand_runs=6
Output plateau epoch : 21
Output stopped by moving-avg : 1
Candidate epochs (per unit)  : [258 55 69 83 45 44]
Candidate plateau epochs      : [258 55 69 83 45 44]
N-step horizon : 20
Train obj MSE  : 0.0658992
Train series RMSE : 12.7514
Val   RMSE      : 9.39123
Train Fit (%)   : 77.82
Val   Fit (%)   : 83.52

MSE history (per hidden unit added): [0.25442092310456 0.207400199077268 0.18339798107962 0.0600460064217511 0.0522438562262033 0.0491823942442919]
Regressors.u : [1 2 3]
Regressors.y : [1 2 3]
Norm method  : zscore
Activation   : tanh
Target MSE   : 0.0005
Plateau min delta  : 0
Moving avg window  : 20

Saved figure files:
 - fitTr77p8_fitVa83p5_20260324_133300_train_fit.png
 - fitTr77p8_fitVa83p5_20260324_133300_val_fit.png
 - fitTr77p8_fitVa83p5_20260324_133300_loss_fit.png
 - fitTr77p8_fitVa83p5_20260324_133300_candidatecorr_fit.png
 - fitTr77p8_fitVa83p5_20260324_133300_losshistory_fit.png
