Data source : twotankdata
CCNN Parameter Log
Created      : 2026-04-15 15:00:39
Script       : writeParameterLog.m
Run folder   : fitTr81_fitVa78

eta_out=0.0050 | eta_cand=0.0030 | output_epochs=30/10 | hidden=4/15 | regressors=2 | cand_runs=5
Output plateau epoch : 30
Candidate epochs (per unit)  : [43 23 23 28 23]
Candidate plateau epochs      : [43 23 23 28 23]
Data source   : twotankdata
Twotank sampling time : 0.2
Twotank warmup samples : 20
Twotank filter cutoff  : 0.066902
N-step horizon : 20
Train obj MSE  : 0.0417291
Train series RMSE : 0.0313324
Val   RMSE      : 0.0437052
Train Fit (%)   : 81.07
Val   Fit (%)   : 77.81

MSE history (per hidden unit added): [0.0548766182062066 0.0488329200625151 0.0486040817938072 0.0402033417961732 0.0358462570413542]
Regressors.u : 1
Regressors.y : 1
Norm method  : zscore
Activation   : diff
Diff clip lower : -10
Diff clip upper : 10
Sim loss eval interval : 10
Sim loss min blocks : 3
Output max epochs : 1000
Target MSE   : 0.0005
Plateau min delta  : 0
Moving avg window  : 20

Saved figure files:
 - fitTr81_fitVa78_20260415_150039_train_fit.png
 - fitTr81_fitVa78_20260415_150039_val_fit.png
 - fitTr81_fitVa78_20260415_150039_loss_fit.png
 - fitTr81_fitVa78_20260415_150039_candidatecorr_fit.png
 - fitTr81_fitVa78_20260415_150039_losshistory_fit.png
