Data source : twotankdata
CCNN Parameter Log
Created      : 2026-05-05 18:18:44
Script       : writeParameterLog.m
Run folder   : fitTr76_fitVa72

eta_out=0.0050 | eta_cand=0.0030 | output_epochs=60/20 | hidden=4/15 | regressors=2 | cand_runs=4
Output plateau epoch : 60
Candidate epochs (per unit)  : [300 300 300 300]
Candidate plateau epochs      : [NaN NaN NaN NaN]
Data source   : twotankdata
Twotank sampling time : 0.2
Twotank warmup samples : 20
Twotank filter cutoff  : 0.066902
N-step horizon : 20
Train obj MSE  : 0.0581951
Val   obj MSE  : 0.114354
Train series RMSE : 0.0399223
Val   RMSE      : 0.0559626
Train Fit (%)   : 75.87
Val   Fit (%)   : 71.58

Hidden units per stage : [0 1 2 3 4]
Train obj MSE history  : [0.0510517768750713 0.0514070675411444 0.0858111827532708 0.0649973710121554 0.0581950943209461]
Val   obj MSE history  : [0.131579668798266 0.118502074055135 0.204634313308372 0.154349918056114 0.114353989117537]
Train RMSE history     : [0.0373918989859729 0.0375217863242291 0.0484779263521141 0.0421910162191457 0.0399222747128329]
Val   RMSE history     : [0.0600297431338593 0.0569685369737604 0.0748619817865804 0.0650167553339921 0.0559625828224214]
Train Fit history (%)  : [77.4036583966 77.3251660294085 70.7042484125299 74.5034983262003 75.8745241226084]
Val   Fit history (%)  : [69.5165641589326 71.0710615914732 61.9846712714117 66.9841317595073 71.5818906776983]
Best validation stage  : #5 (hidden=4)
Best validation metric : validation fit = 71.5819
Hidden growth reverted to baseline during search.
MSE history (final selected prefix): [0.0510517768750713 0.0514070675411444 0.0858111827532708 0.0649973710121554 0.0581950943209461]
Regressors.u : 1
Regressors.y : 1
Norm method  : zscore
Activation   : tanh
Activation clipping : 1
Tustin sample time : 0.2
Diff clip lower : -50
Diff clip upper : 50
Sim loss eval interval : 20
Sim loss min blocks : 3
Output max epochs : 1000
Target MSE   : 0.0005
Plateau min delta  : 0
Moving avg window  : 20
Hidden bootstrap count : 4
Hidden acceptance window : 3

Saved figure files:
 - Train.png
 - Val.png
 - LossFinal.png
 - LossBeforeRevert.png
 - CandidateCorr.png
 - LossHistory.png
