CCNN Parameter Log
Created      : 2026-03-09 16:33:25
Script       : writeParameterLog.m
Run folder   : fitTr81p9_fitVa80p3_20260309_163325

eta_out=0.0000 | eta_cand=0.0030 | output_epochs=5/5 | hidden=3/10 | regressors=8 | cand_runs=4
Output plateau epoch : none
Output stopped by moving-avg : 0
Candidate epochs (per unit)  : [5 5 5 5]
Candidate plateau epochs      : [NaN NaN NaN NaN]
N-step horizon : 20
Train obj MSE  : 0.0327804
Train series RMSE : 0.151817
Val   RMSE      : 0.161132
Train Fit (%)   : 81.89
Val   Fit (%)   : 80.33

MSE history (per hidden unit added): [0.122238518788448 0.0409637432355955 0.033339170739818 0.0328132570450626]
Regressors.u : [1 2 3 4]
Regressors.y : [1 2 3 4]
Norm method  : ZScore
Activation   : tanh
Target MSE   : 0.0005
Plateau min delta  : 0
Moving avg window  : 20

Saved figure files:
 - fitTr81p9_fitVa80p3_20260309_163325_train_fit.png
 - fitTr81p9_fitVa80p3_20260309_163325_val_fit.png
 - fitTr81p9_fitVa80p3_20260309_163325_loss_fit.png
 - fitTr81p9_fitVa80p3_20260309_163325_candidatecorr_fit.png
 - fitTr81p9_fitVa80p3_20260309_163325_losshistory_fit.png
