CCNN Parameter Log
Created      : 2026-03-02 18:01:06
Script       : Npred_MiniBatch_Adam_maxCandidate.m
Run folder   : fitTr81p2_fitVa81p8_20260302_180106

eta_out=0.0050 | eta_cand=0.0030 | output_epochs=1/1 | hidden=6/20 | regressors=8 | cand_runs=7
Output plateau epoch : none
Output stopped by moving-avg : 0
Candidate epochs (per unit)  : [300 300 300 300 300 300 300]
Candidate plateau epochs      : [NaN NaN NaN NaN NaN NaN NaN]
N-step horizon : 1
Train obj MSE  : 0.00538179
Train series RMSE : 0.157187
Val   RMSE      : 0.148856
Train Fit (%)   : 81.24
Val   Fit (%)   : 81.83

MSE history (per hidden unit added): [0.423012802237636 0.102274697396914 0.0276193345692884 0.0117710547302538 0.00791980584832179 0.00655092206201384 0.00512839610966606]
Regressors.u : [1 2 3 4]
Regressors.y : [1 2 3 4]
Norm method  : ZScore
Activation   : tanh
Target MSE   : 0.0005
Plateau min delta  : 0
Moving avg window  : 20

Saved figure files:
 - fitTr81p2_fitVa81p8_20260302_180106_train_fit.png
 - fitTr81p2_fitVa81p8_20260302_180106_val_fit.png
 - fitTr81p2_fitVa81p8_20260302_180106_loss_fit.png
