CCNN Parameter Log
Created      : 2026-03-18 23:03:10
Script       : writeParameterLog.m
Run folder   : fitTr85p6_fitVa87p8_20260318_230310

eta_out=0.0001 | eta_cand=0.0030 | output_epochs=100/100 | hidden=3/5 | regressors=2 | cand_runs=4
Output plateau epoch : none
Output stopped by moving-avg : 0
Candidate epochs (per unit)  : [100 100 100 100]
Candidate plateau epochs      : [NaN NaN NaN NaN]
N-step horizon : 20
Train obj MSE  : 0.0219234
Train series RMSE : 0.120392
Val   RMSE      : 0.0999954
Train Fit (%)   : 85.64
Val   Fit (%)   : 87.79

MSE history (per hidden unit added): [0.363409286658075 0.229100408192714 0.0341898335041836 0.0206348893563806]
Regressors.u : 1
Regressors.y : 1
Norm method  : zscore
Activation   : diff
Target MSE   : 0.0005
Plateau min delta  : 0
Moving avg window  : 20

Saved figure files:
 - fitTr85p6_fitVa87p8_20260318_230310_train_fit.png
 - fitTr85p6_fitVa87p8_20260318_230310_val_fit.png
 - fitTr85p6_fitVa87p8_20260318_230310_loss_fit.png
 - fitTr85p6_fitVa87p8_20260318_230310_candidatecorr_fit.png
 - fitTr85p6_fitVa87p8_20260318_230310_losshistory_fit.png
