CCNN Parameter Log
Created      : 2026-03-03 10:38:27
Script       : Npred_dryer.m
Run folder   : fitTr88p9_fitVa86p4_20260303_103827

eta_out=0.0050 | eta_cand=0.0030 | output_epochs=100/100 | hidden=2/20 | regressors=8 | cand_runs=3
Output plateau epoch : none
Output stopped by moving-avg : 0
Candidate epochs (per unit)  : [300 300 300]
Candidate plateau epochs      : [NaN NaN NaN]
N-step horizon : 1
Train obj MSE  : 0.00228957
Train series RMSE : 0.0931412
Val   RMSE      : 0.111442
Train Fit (%)   : 88.89
Val   Fit (%)   : 86.40

MSE history (per hidden unit added): [0.00387810968104407 0.00252165015047733 0.00225941111614796]
Regressors.u : [1 2 3 4]
Regressors.y : [1 2 3 4]
Norm method  : ZScore
Activation   : tanh
Target MSE   : 0.0005
Plateau min delta  : 0
Moving avg window  : 20

Saved figure files:
 - fitTr88p9_fitVa86p4_20260303_103827_train_fit.png
 - fitTr88p9_fitVa86p4_20260303_103827_val_fit.png
 - fitTr88p9_fitVa86p4_20260303_103827_loss_fit.png
