Data source : dryer2
CCNN Parameter Log
Created      : 2026-05-05 18:34:26
Script       : writeParameterLog.m
Run folder   : fitTr42_fitVa41

eta_out=0.0050 | eta_cand=0.0030 | output_epochs=60/20 | hidden=9/15 | regressors=2 | cand_runs=10
Output plateau epoch : 60
Candidate epochs (per unit)  : [120 245 278 198 210 300 208 128 148 300]
Candidate plateau epochs      : [120 245 278 198 210 NaN 208 128 148 NaN]
Data source   : dryer2
Dryer2 sampling time   : 0.08
N-step horizon : 20
Train obj MSE  : 0.33381
Val   obj MSE  : 0.335759
Train series RMSE : 0.484223
Val   RMSE      : 0.485635
Train Fit (%)   : 42.22
Val   Fit (%)   : 40.72

Hidden units per stage : [0 1 2 3 4 5 6 7 8 9]
Train obj MSE history  : [0.38516685645774 0.372495619348569 0.332870460064429 0.367485812186679 0.356599027208744 0.336811372982532 0.337492455545854 0.342060973561623 0.334118159090261 0.333809695635948]
Val   obj MSE history  : [0.397642980513952 0.382963256050009 0.336682020023314 0.379575190957621 0.364062450938896 0.342978757664484 0.344435664118951 0.350595035670678 0.343376491497286 0.335759106876234]
Train RMSE history     : [0.520140216279181 0.511512868700984 0.483541337568222 0.508061478449599 0.500479227176631 0.486395281528576 0.486886814874583 0.490171146277933 0.484446719442551 0.484223043161588]
Val   RMSE history     : [0.528497137715982 0.518650179882343 0.486301872107108 0.516350841304052 0.505689485418307 0.490828295093675 0.491869661522839 0.496248104055415 0.491112806089273 0.48563488907947]
Train Fit history (%)  : [37.9376578416962 38.9670598770682 42.3045805715291 39.3788745301162 40.2835772585446 41.9640523042954 41.9054032905346 41.5135218460002 42.1965517786962 42.2232404934837]
Val   Fit history (%)  : [35.4886585018425 36.6906337145544 40.6392506149115 36.9713039503197 38.2726891826997 40.0867298949063 39.9596148349708 39.42515744383 40.0520008780637 40.7206663252319]
Best validation stage  : #10 (hidden=9)
Best validation metric : validation fit = 40.7207
MSE history (final selected prefix): [0.38516685645774 0.372495619348569 0.332870460064429 0.367485812186679 0.356599027208744 0.336811372982532 0.337492455545854 0.342060973561623 0.334118159090261 0.333809695635948]
Regressors.u : 1
Regressors.y : 1
Norm method  : zscore
Activation   : tanh
Activation clipping : 1
Tustin sample time : 0.08
Diff clip lower : -50
Diff clip upper : 50
Sim loss eval interval : 20
Sim loss min blocks : 3
Output max epochs : 1000
Target MSE   : 0.0005
Plateau min delta  : 0
Moving avg window  : 20
Hidden bootstrap count : 4
Hidden acceptance window : 3

Saved figure files:
 - Train.png
 - Val.png
 - LossFinal.png
 - LossBeforeRevert.png
 - CandidateCorr.png
 - LossHistory.png
