CCNN Parameter Log
Created      : 2026-02-18 17:38:13
Script       : Npred_MiniBatch_Adam.m
Run folder   : eta0p008-0p05_ep100-100_hid0_reg2_20260218_173813

eta_out=0.0080 | eta_cand=0.0500 | output_epochs=22/100 | hidden=0/15 | regressors=2 | cand_runs=1
Output plateau epoch : 22
Candidate epochs (per unit)  : 69
Candidate plateau epochs      : 69
N-step horizon : 20
Train obj RMSE  : 0.0752119
Train series RMSE : 0.0318164
Val   RMSE      : 0.0469042
Train Fit (%)   : 80.77
Val   Fit (%)   : 76.18

Regressors.u : 0
Regressors.y : 1
Norm method  : ZScore
Activation   : sigmoid
Target MSE   : 5e-05
Plateau min delta : 0
Plateau patience  : 20

Saved figure files:
 - eta0p008-0p05_ep100-100_hid0_reg2_20260218_173813_train_fit.png
 - eta0p008-0p05_ep100-100_hid0_reg2_20260218_173813_val_fit.png
