Data source : robotarmdata
CCNN Parameter Log
Created      : 2026-05-17 22:08:40
Script       : writeParameterLog.m
Run folder   : fitTr32_fitVa32

eta_out=0.0005 | eta_cand=0.0005 | output_epochs=60/20 | hidden=0/15 | regressors=2 | cand_runs=4
Output plateau epoch : 60
Candidate epochs (per unit)  : [46 83 192 117]
Candidate plateau epochs      : [46 83 192 117]
Data source   : robotarmdata
Robot arm sampling time : 0.0005
Robot arm validation experiment : 1
N-step horizon : 20
Train obj MSE  : 0.462917
Val   obj MSE  : 0.460766
Train series RMSE : 14.1784
Val   RMSE      : 14.1455
Train Fit (%)   : 31.96
Val   Fit (%)   : 32.03

Hidden units per stage : [0 1 2 3 4]
Train obj MSE history  : [0.462917018877826 0.662623496017607 0.455002520841437 0.594307340254702 0.540162997214257]
Val   obj MSE history  : [0.460766403672274 0.655142622694868 0.461879174250229 0.609515528258224 0.577488797694848]
Train RMSE history     : [14.1784485552627 16.9633082383257 14.0567214640306 16.0650723232668 15.3157952956063]
Val   RMSE history     : [14.1454751673544 16.8672804289324 14.1625458308333 16.2693246360255 15.8361249571839]
Train Fit history (%)  : [31.9606208168299 18.5966675458271 32.5447634107759 22.9071119348888 26.5027340933735]
Val   Fit history (%)  : [32.0343184221737 18.9566842291427 31.9522978986776 21.8297211923775 23.9111437733394]
Best validation stage  : #1 (hidden=0)
Best validation metric : validation fit = 32.0343
Hidden growth reverted to baseline during search.
Final model note : selected from an earlier validation stage, not the last hidden-added stage.
MSE history (final selected prefix): 0.462917018877826
Regressors.u : 1
Regressors.y : 1
Norm method  : zscore
Activation   : diff-tanh
Activation clipping : 1
Tustin sample time : 0.0005
Diff clip lower : -50
Diff clip upper : 50
Sim loss eval interval : 20
Sim loss min blocks : 3
Output max epochs : 1000
Target MSE   : 0.0005
Plateau min delta  : 0
Moving avg window  : 20
Hidden bootstrap count : 4
Hidden acceptance window : 3

Saved figure files:
 - Train.png
 - Val.png
 - LossFinal.png
 - LossBeforeRevert.png
 - CandidateCorr.png
 - LossHistory.png
