CCNN Parameter Log
Created      : 2026-03-18 23:26:00
Script       : writeParameterLog.m
Run folder   : fitTr86p2_fitVa88p8_20260318_232600

eta_out=0.0001 | eta_cand=0.0030 | output_epochs=100/100 | hidden=3/5 | regressors=2 | cand_runs=4
Output plateau epoch : none
Output stopped by moving-avg : 0
Candidate epochs (per unit)  : [300 300 300 300]
Candidate plateau epochs      : [NaN NaN NaN NaN]
N-step horizon : 20
Train obj MSE  : Inf
Train series RMSE : 0.115302
Val   RMSE      : 0.0920309
Train Fit (%)   : 86.24
Val   Fit (%)   : 88.77

MSE history (per hidden unit added): [0.363409286658075 0.228859426504173 0.0353761129279153 0.0189269443674124]
Regressors.u : 1
Regressors.y : 1
Norm method  : zscore
Activation   : diff
Target MSE   : 0.0005
Plateau min delta  : 0
Moving avg window  : 20

Saved figure files:
 - fitTr86p2_fitVa88p8_20260318_232600_train_fit.png
 - fitTr86p2_fitVa88p8_20260318_232600_val_fit.png
 - fitTr86p2_fitVa88p8_20260318_232600_loss_fit.png
 - fitTr86p2_fitVa88p8_20260318_232600_candidatecorr_fit.png
 - fitTr86p2_fitVa88p8_20260318_232600_losshistory_fit.png
