CCNN Parameter Log
Created      : 2026-02-17 17:41:22
Script       : CCNN_Npred_MiniBatch.m
Run folder   : eta0p01-0p09_ep100-100_hid1_reg4_20260217_174122

eta_out=0.0100 | eta_cand=0.0900 | output_epochs=21/100 | hidden=1/15 | regressors=4 | cand_runs=2
Output plateau epoch : 11
Candidate epochs (per unit)  : [22 21]
Candidate plateau epochs      : [12 11]
N-step horizon : 20
Train MSE       : 0.00497775
Train Fit (%)   : 79.34
Val   Fit (%)   : 74.50

Regressors.u : [0 1]
Regressors.y : [1 2]
Norm method  : ZScore
Activation   : tanh
Target MSE   : 5e-05
Plateau min delta : 0.0001
Plateau patience  : 10

Saved figure files:
 - eta0p01-0p09_ep100-100_hid1_reg4_20260217_174122_train_fit.png
 - eta0p01-0p09_ep100-100_hid1_reg4_20260217_174122_val_fit.png
