Data source : twotankdata
CCNN Parameter Log
Created      : 2026-05-21 13:41:59
Script       : writeParameterLog.m
Run folder   : fitTr80_fitVa75_tustin

eta_out=0.0005 | eta_cand=0.0005 | output_epochs=100/20 | hidden=1/15 | regressors=4 | cand_runs=5
Hidden added : 1
Hidden max   : 15
Output plateau epoch : 100
Candidate epochs (per unit)  : [300 33 25 56 67]
Candidate plateau epochs      : [NaN 33 25 56 67]
Data source   : twotankdata
Twotank sampling time : 0.2
Twotank warmup samples : 20
Twotank filter cutoff  : 0.066902
N-step horizon : 20
Train obj MSE  : 0.0408516
Val   obj MSE  : 0.0871286
Train series RMSE : 0.0334485
Val   RMSE      : 0.0488486
Train Fit (%)   : 79.79
Val   Fit (%)   : 75.19

Hidden units per stage : [0 1 2 3 4]
Train obj MSE history  : [0.0420831271049388 0.0408515898723938 0.0414697236479405 0.0425772788752945 0.0413926392413446]
Val   obj MSE history  : [0.0930028878758957 0.0871285700703983 0.0903028984357156 0.0934297472912096 0.0889977078980342]
Train RMSE history     : [0.0339489301340601 0.0334484942688754 0.0337006021849213 0.034147667314718 0.0336692660797217]
Val   RMSE history     : [0.0504684896179537 0.0488486295257135 0.0497305125783251 0.0505841757427188 0.0493698151824207]
Train Fit history (%)  : [79.4842828745617 79.7867018494458 79.634350223923 79.3641837796982 79.6532869817987]
Val   Fit history (%)  : [74.3718216179287 75.1943955390464 74.7465704435156 74.3130755634251 74.9297345776944]
Best validation stage  : #2 (hidden=1)
Best validation metric : validation fit = 75.1944
Final model note : selected from an earlier validation stage, not the last hidden-added stage.
MSE history (final selected prefix): [0.0420831271049388 0.0408515898723938]
Regressors.u : [1 2]
Regressors.y : [1 2]
Norm method  : zscore
Activation   : tustin
Activation clipping : 1
Tustin sample time : 0.2
Diff clip lower : -50
Diff clip upper : 50
Sim loss eval interval : 20
Sim loss min blocks : 3
Output max epochs : 1000
Target MSE   : 0.0005
Plateau min delta  : 0
Moving avg window  : 20
Hidden bootstrap count : 4
Hidden acceptance window : 3

Saved figure files:
 - Train_tustin.png
 - Val_tustin.png
 - LossFinal_tustin.png
 - LossBeforeRevert_tustin.png
 - CandidateCorr_tustin.png
 - LossHistory_tustin.png
