CCNN Parameter Log
Created      : 2026-02-18 11:53:06
Script       : CCNN_Npred_Plateau.m
Run folder   : eta0p01-0p09_ep100-100_hid0_reg4_20260218_115306

eta_out=0.0100 | eta_cand=0.0900 | output_epochs=19/100 | hidden=0/15 | regressors=4 | cand_runs=1
Output plateau epoch : 19
Candidate epochs (per unit)  : 11
Candidate plateau epochs      : 11
N-step horizon : 20
Train MSE       : 0.0049115
Train Fit (%)   : 79.01
Val   Fit (%)   : 76.77

Regressors.u : [0 1]
Regressors.y : [1 2]
Norm method  : ZScore
Activation   : sigmoid
Target MSE   : 5e-05
Plateau min delta : 0.0001
Plateau patience  : 10

Saved figure files:
 - eta0p01-0p09_ep100-100_hid0_reg4_20260218_115306_train_fit.png
 - eta0p01-0p09_ep100-100_hid0_reg4_20260218_115306_val_fit.png
