CCNN Parameter Log
Created      : 2026-02-24 16:39:39
Script       : Npred_MiniBatch_Adam_maxCandidate.m
Run folder   : fitTr76p4_fitVa69p0_20260224_163939

eta_out=0.0080 | eta_cand=0.0500 | output_epochs=21/100 | hidden=0/10 | regressors=4 | cand_runs=1
Output plateau epoch : 21
Output stopped by moving-avg : 1
Candidate epochs (per unit)  : 37
Candidate plateau epochs      : 37
N-step horizon : 20
Train obj MSE  : 0.00654396
Train series RMSE : 0.0390841
Val   RMSE      : 0.0611107
Train Fit (%)   : 76.38
Val   Fit (%)   : 68.97

MSE history (per hidden unit added): 0.00554834388399891
Regressors.u : [0 1]
Regressors.y : [1 2]
Norm method  : ZScore
Activation   : tanh
Target MSE   : 0.001
Plateau min delta  : 0
Moving avg window  : 20

Saved figure files:
 - fitTr76p4_fitVa69p0_20260224_163939_train_fit.png
 - fitTr76p4_fitVa69p0_20260224_163939_val_fit.png
 - fitTr76p4_fitVa69p0_20260224_163939_loss_fit.png
