CCNN Parameter Log
Created      : 2026-03-29 15:06:10
Script       : writeParameterLog.m
Run folder   : fitTr52p0_fitVa47p6_20260329_150611

eta_out=0.0050 | eta_cand=0.0030 | output_epochs=21/100 | hidden=3/5 | regressors=2 | cand_runs=4
Output plateau epoch : 21
Output stopped by moving-avg : 1
Candidate epochs (per unit)  : [21 21 21 24]
Candidate plateau epochs      : [21 21 21 24]
N-step horizon : 20
Train obj MSE  : 0.235019
Train series RMSE : 28.1431
Val   RMSE      : 29.3939
Train Fit (%)   : 51.99
Val   Fit (%)   : 47.58

MSE history (per hidden unit added): [0.232227138349652 0.231699508275221 0.230742822547524 0.230334371177078]
Regressors.u : 1
Regressors.y : 1
Norm method  : zscore
Activation   : diff-tanh
Target MSE   : 0.0005
Plateau min delta  : 0
Moving avg window  : 20

Saved figure files:
 - fitTr52p0_fitVa47p6_20260329_150611_train_fit.png
 - fitTr52p0_fitVa47p6_20260329_150611_val_fit.png
 - fitTr52p0_fitVa47p6_20260329_150611_loss_fit.png
 - fitTr52p0_fitVa47p6_20260329_150611_candidatecorr_fit.png
 - fitTr52p0_fitVa47p6_20260329_150611_losshistory_fit.png
