CCNN Parameter Log
Created      : 2026-04-07 14:07:08
Script       : writeParameterLog.m
Run folder   : fitTr51p9_fitVa47p0_20260407_140708

eta_out=0.0050 | eta_cand=0.0030 | output_epochs=33/100 | hidden=1/5 | regressors=2 | cand_runs=2
Output plateau epoch : 33
Output stopped by moving-avg : 1
Candidate epochs (per unit)  : [300 300]
Candidate plateau epochs      : [NaN NaN]
N-step horizon : 20
Train obj MSE  : 0.232444
Train series RMSE : 28.1785
Val   RMSE      : 29.7286
Train Fit (%)   : 51.93
Val   Fit (%)   : 46.98

MSE history (per hidden unit added): [0.232227138349652 0.230913445885974]
Regressors.u : 1
Regressors.y : 1
Norm method  : zscore
Activation   : diff
Target MSE   : 0.0005
Plateau min delta  : 0
Moving avg window  : 20

Saved figure files:
 - fitTr51p9_fitVa47p0_20260407_140708_train_fit.png
 - fitTr51p9_fitVa47p0_20260407_140708_val_fit.png
 - fitTr51p9_fitVa47p0_20260407_140708_loss_fit.png
 - fitTr51p9_fitVa47p0_20260407_140708_candidatecorr_fit.png
 - fitTr51p9_fitVa47p0_20260407_140708_losshistory_fit.png
