CCNN Parameter Log
Created      : 2026-02-24 23:00:08
Script       : Npred_MiniBatch_Adam_maxCandidate.m
Run folder   : fitTr-2337p4_fitVa-1712p6_20260224_230008

eta_out=0.0080 | eta_cand=0.0050 | output_epochs=100/100 | hidden=2/10 | regressors=4 | cand_runs=3
Output plateau epoch : none
Output stopped by moving-avg : 0
Candidate epochs (per unit)  : [100 100 100]
Candidate plateau epochs      : [NaN NaN NaN]
N-step horizon : 20
Train obj MSE  : 0.00688032
Train series RMSE : 4.03342
Val   RMSE      : 3.56946
Train Fit (%)   : -2337.44
Val   Fit (%)   : -1712.59

MSE history (per hidden unit added): [0.00521280822945797 0.00479725084638816 0.0045222324483821]
Regressors.u : [0 1]
Regressors.y : [1 2]
Norm method  : ZScore
Activation   : tanh
Target MSE   : 0.001
Plateau min delta  : 0
Moving avg window  : 20

Saved figure files:
 - fitTr-2337p4_fitVa-1712p6_20260224_230008_train_fit.png
 - fitTr-2337p4_fitVa-1712p6_20260224_230008_val_fit.png
 - fitTr-2337p4_fitVa-1712p6_20260224_230008_loss_fit.png
