Data source : mrDamper
CCNN Parameter Log
Created      : 2026-04-16 13:14:17
Script       : writeParameterLog.m
Run folder   : fitTr80_fitVa74

eta_out=0.0050 | eta_cand=0.0030 | output_epochs=30/10 | hidden=7/15 | regressors=2 | cand_runs=8
Output plateau epoch : 30
Candidate epochs (per unit)  : [300 300 300 21 300 300 103 300]
Candidate plateau epochs      : [NaN NaN NaN 21 NaN NaN 103 NaN]
Data source   : mrDamper
N-step horizon : 20
Train obj MSE  : 0.0512033
Train series RMSE : 11.475
Val   RMSE      : 14.3526
Train Fit (%)   : 80.42
Val   Fit (%)   : 74.40

MSE history (per hidden unit added): [0.232765233675919 0.0901675011207014 0.0589762458848781 0.0513509160281563 0.0501084305910214 0.0399840825895945 0.0333794318050473 0.0382926322006827]
Regressors.u : 1
Regressors.y : 1
Norm method  : zscore
Activation   : tanh
Diff clip lower : -10
Diff clip upper : 10
Sim loss eval interval : 10
Sim loss min blocks : 3
Output max epochs : 1000
Target MSE   : 0.0005
Plateau min delta  : 0
Moving avg window  : 20

Saved figure files:
 - fitTr80_fitVa74_20260416_131417_train_fit.png
 - fitTr80_fitVa74_20260416_131417_val_fit.png
 - fitTr80_fitVa74_20260416_131417_loss_fit.png
 - fitTr80_fitVa74_20260416_131417_candidatecorr_fit.png
 - fitTr80_fitVa74_20260416_131417_losshistory_fit.png
