CCNN Parameter Log
Created      : 2026-03-02 17:47:35
Script       : Npred_MiniBatch_Adam_maxCandidate.m
Run folder   : fitTr83p4_fitVa79p8_20260302_174735

eta_out=0.0050 | eta_cand=0.0030 | output_epochs=500/500 | hidden=0/20 | regressors=8 | cand_runs=1
Output plateau epoch : none
Output stopped by moving-avg : 0
Candidate epochs (per unit)  : 300
Candidate plateau epochs      : NaN
N-step horizon : 20
Train obj MSE  : 0.0558196
Train series RMSE : 0.139152
Val   RMSE      : 0.165273
Train Fit (%)   : 83.40
Val   Fit (%)   : 79.83

MSE history (per hidden unit added): 0.0445765940305945
Regressors.u : [1 2 3 4]
Regressors.y : [1 2 3 4]
Norm method  : ZScore
Activation   : tanh
Target MSE   : 0.0005
Plateau min delta  : 0
Moving avg window  : 20

Saved figure files:
 - fitTr83p4_fitVa79p8_20260302_174735_train_fit.png
 - fitTr83p4_fitVa79p8_20260302_174735_val_fit.png
 - fitTr83p4_fitVa79p8_20260302_174735_loss_fit.png
