CCNN Parameter Log
Created      : 2026-04-07 13:40:41
Script       : writeParameterLog.m
Run folder   : fitTr52p0_fitVa47p6_20260407_134041

eta_out=0.0050 | eta_cand=0.0030 | output_epochs=22/100 | hidden=5/5 | regressors=2 | cand_runs=5
Output plateau epoch : 22
Output stopped by moving-avg : 1
Candidate epochs (per unit)  : [21 22 23 22 21]
Candidate plateau epochs      : [21 22 23 22 21]
N-step horizon : 20
Train obj MSE  : 0.230611
Train series RMSE : 28.16
Val   RMSE      : 29.3881
Train Fit (%)   : 51.96
Val   Fit (%)   : 47.59

MSE history (per hidden unit added): [0.232227138349652 0.232152490790801 0.231436998693955 0.232555111014608 0.231272780358621 0.230610637508915]
Regressors.u : 1
Regressors.y : 1
Norm method  : zscore
Activation   : diff
Target MSE   : 0.0005
Plateau min delta  : 0
Moving avg window  : 20

Saved figure files:
 - fitTr52p0_fitVa47p6_20260407_134041_train_fit.png
 - fitTr52p0_fitVa47p6_20260407_134041_val_fit.png
 - fitTr52p0_fitVa47p6_20260407_134041_loss_fit.png
 - fitTr52p0_fitVa47p6_20260407_134041_candidatecorr_fit.png
 - fitTr52p0_fitVa47p6_20260407_134041_losshistory_fit.png
