CCNN Parameter Log
Created      : 2026-02-28 20:59:37
Script       : Npred_MiniBatch_Adam_maxCandidate.m
Run folder   : fitTr76p2_fitVa67p7_20260228_205937

eta_out=0.0080 | eta_cand=0.0050 | output_epochs=100/100 | hidden=0/5 | regressors=2 | cand_runs=0
Output plateau epoch : none
Output stopped by moving-avg : 0
Candidate epochs (per unit)  : []
Candidate plateau epochs      : []
N-step horizon : 20
Train obj MSE  : 0.0056241
Train series RMSE : 0.0393513
Val   RMSE      : 0.0636624
Train Fit (%)   : 76.22
Val   Fit (%)   : 67.67

MSE history (per hidden unit added): 0.00562409551155389
Regressors.u : 0
Regressors.y : 1
Norm method  : ZScore
Activation   : tanh
Target MSE   : 0.001
Plateau min delta  : 0
Moving avg window  : 20

Saved figure files:
 - fitTr76p2_fitVa67p7_20260228_205937_train_fit.png
 - fitTr76p2_fitVa67p7_20260228_205937_val_fit.png
 - fitTr76p2_fitVa67p7_20260228_205937_loss_fit.png
