CCNN Parameter Log
Created      : 2026-02-20 15:29:45
Script       : Npred_MiniBatch_Adam.m
Run folder   : eta0p008-0p05_ep100-100_hid5_reg2_20260220_152945

eta_out=0.0080 | eta_cand=0.0500 | output_epochs=100/100 | hidden=5/5 | regressors=2 | cand_runs=5
Output plateau epoch : none
Candidate epochs (per unit)  : [100 100 100 100 100]
Candidate plateau epochs      : [NaN NaN NaN NaN NaN]
N-step horizon : 20
Train obj RMSE  : 0.061869
Train series RMSE : 0.0325149
Val   RMSE      : 0.0624249
Train Fit (%)   : 80.35
Val   Fit (%)   : 68.30

Regressors.u : 0
Regressors.y : 1
Norm method  : ZScore
Activation   : tanh
Target MSE   : 5e-05
Plateau min delta : 0
Plateau patience  : Inf

Saved figure files:
 - eta0p008-0p05_ep100-100_hid5_reg2_20260220_152945_train_fit.png
 - eta0p008-0p05_ep100-100_hid5_reg2_20260220_152945_val_fit.png
