Data source : dryer2
CCNN Parameter Log
Created      : 2026-04-15 18:10:48
Script       : writeParameterLog.m
Run folder   : fitTr68_fitVa64

eta_out=0.0005 | eta_cand=0.0005 | output_epochs=80/20 | hidden=10/10 | regressors=2 | cand_runs=10
Output plateau epoch : 80
Candidate epochs (per unit)  : [152 47 45 25 21 45 34 29 49 21]
Candidate plateau epochs      : [152 47 45 25 21 45 34 29 49 21]
Data source   : dryer2
Dryer2 sampling time   : 0.08
N-step horizon : 20
Train obj MSE  : 0.103645
Train series RMSE : 0.269818
Val   RMSE      : 0.297648
Train Fit (%)   : 67.81
Val   Fit (%)   : 63.67

MSE history (per hidden unit added): [0.372850500732924 0.330675818467995 0.202184277082966 0.141298882622319 0.153132847848671 0.190903118368249 0.139776048100655 0.139845749070297 0.148831529866327 0.137789986754151 0.103645231863899]
Regressors.u : 1
Regressors.y : 1
Norm method  : zscore
Activation   : diff
Diff clip lower : -20
Diff clip upper : 20
Sim loss eval interval : 20
Sim loss min blocks : 3
Output max epochs : 1000
Target MSE   : 0.0005
Plateau min delta  : 0
Moving avg window  : 20

Saved figure files:
 - fitTr68_fitVa64_20260415_181048_train_fit.png
 - fitTr68_fitVa64_20260415_181048_val_fit.png
 - fitTr68_fitVa64_20260415_181048_loss_fit.png
 - fitTr68_fitVa64_20260415_181048_candidatecorr_fit.png
 - fitTr68_fitVa64_20260415_181048_losshistory_fit.png
