CCNN Parameter Log
Created      : 2026-02-28 19:41:03
Script       : Npred_MiniBatch_Adam_maxCandidate.m
Run folder   : fitTr80p6_fitVa77p1_20260228_194103

eta_out=0.0080 | eta_cand=0.0050 | output_epochs=100/100 | hidden=2/2 | regressors=2 | cand_runs=2
Output plateau epoch : none
Output stopped by moving-avg : 0
Candidate epochs (per unit)  : [100 100]
Candidate plateau epochs      : [NaN NaN]
N-step horizon : 20
Train obj MSE  : 0.00471838
Train series RMSE : 0.0321514
Val   RMSE      : 0.0451407
Train Fit (%)   : 80.57
Val   Fit (%)   : 77.08

MSE history (per hidden unit added): [0.00562409551155389 0.00525475183985711 0.00471837817379684]
Regressors.u : 0
Regressors.y : 1
Norm method  : ZScore
Activation   : tanh
Target MSE   : 0.001
Plateau min delta  : 0
Moving avg window  : 20

Saved figure files:
 - fitTr80p6_fitVa77p1_20260228_194103_train_fit.png
 - fitTr80p6_fitVa77p1_20260228_194103_val_fit.png
 - fitTr80p6_fitVa77p1_20260228_194103_loss_fit.png
