CCNN Parameter Log
Created      : 2026-02-18 14:13:34
Script       : CCNN_Npred_Plateau.m
Run folder   : eta0p01-0p09_ep100-100_hid1_reg4_20260218_141334

eta_out=0.0100 | eta_cand=0.0900 | output_epochs=27/100 | hidden=1/15 | regressors=4 | cand_runs=2
Output plateau epoch : 27
Candidate epochs (per unit)  : [21 41]
Candidate plateau epochs      : [21 41]
N-step horizon : 20
Train MSE       : 0.00464253
Train Fit (%)   : 79.45
Val   Fit (%)   : 79.91

Regressors.u : [0 1]
Regressors.y : [1 2]
Norm method  : ZScore
Activation   : tanh
Target MSE   : 5e-05
Plateau min delta : 0.0001
Plateau patience  : 20

Saved figure files:
 - eta0p01-0p09_ep100-100_hid1_reg4_20260218_141334_train_fit.png
 - eta0p01-0p09_ep100-100_hid1_reg4_20260218_141334_val_fit.png
