CCNN Parameter Log
Created      : 2026-03-24 13:13:19
Script       : writeParameterLog.m
Run folder   : fitTr53p6_fitVa48p2_20260324_131319

eta_out=0.0003 | eta_cand=0.0300 | output_epochs=30/100 | hidden=4/10 | regressors=2 | cand_runs=5
Output plateau epoch : 30
Output stopped by moving-avg : 1
Candidate epochs (per unit)  : [100 100 36 100 64]
Candidate plateau epochs      : [NaN NaN 36 NaN 64]
N-step horizon : 20
Train obj MSE  : 0.217488
Train series RMSE : 27.2153
Val   RMSE      : 29.0513
Train Fit (%)   : 53.57
Val   Fit (%)   : 48.19

MSE history (per hidden unit added): [0.2347499481221 0.226168087492805 0.225469103416597 0.222909928868145 0.215396976722554]
Regressors.u : 1
Regressors.y : 1
Norm method  : ZScore
Activation   : diff-tanh
Target MSE   : 0.0005
Plateau min delta  : 0
Moving avg window  : 20

Saved figure files:
 - fitTr53p6_fitVa48p2_20260324_131319_train_fit.png
 - fitTr53p6_fitVa48p2_20260324_131319_val_fit.png
 - fitTr53p6_fitVa48p2_20260324_131319_loss_fit.png
 - fitTr53p6_fitVa48p2_20260324_131319_candidatecorr_fit.png
 - fitTr53p6_fitVa48p2_20260324_131319_losshistory_fit.png
