CCNN Parameter Log
Created      : 2026-03-09 18:53:59
Script       : writeParameterLog.m
Run folder   : fitTr85p5_fitVa84p9_20260309_185359

eta_out=0.0001 | eta_cand=0.0030 | output_epochs=100/100 | hidden=3/10 | regressors=2 | cand_runs=4
Output plateau epoch : none
Output stopped by moving-avg : 0
Candidate epochs (per unit)  : [100 100 100 100]
Candidate plateau epochs      : [NaN NaN NaN NaN]
N-step horizon : 20
Train obj MSE  : 0.0218797
Train series RMSE : 0.121486
Val   RMSE      : 0.123511
Train Fit (%)   : 85.50
Val   Fit (%)   : 84.92

MSE history (per hidden unit added): [0.362955542138801 0.229670193816651 0.0342080292682651 0.0210115946248971]
Regressors.u : 1
Regressors.y : 1
Norm method  : zscore
Activation   : diff
Target MSE   : 0.0005
Plateau min delta  : 0
Moving avg window  : 20

Saved figure files:
 - fitTr85p5_fitVa84p9_20260309_185359_train_fit.png
 - fitTr85p5_fitVa84p9_20260309_185359_val_fit.png
 - fitTr85p5_fitVa84p9_20260309_185359_loss_fit.png
 - fitTr85p5_fitVa84p9_20260309_185359_candidatecorr_fit.png
 - fitTr85p5_fitVa84p9_20260309_185359_losshistory_fit.png
