CCNN Parameter Log
Created      : 2026-02-18 16:47:08
Script       : Npred_MiniBatch_Adam.m
Run folder   : eta0p008-0p05_ep100-100_hid0_reg2_20260218_164708

eta_out=0.0080 | eta_cand=0.0500 | output_epochs=21/100 | hidden=0/15 | regressors=2 | cand_runs=1
Output plateau epoch : 21
Candidate epochs (per unit)  : 77
Candidate plateau epochs      : 77
N-step horizon : 20
Train MSE       : 0.00712294
Train Fit (%)   : 32.07
Val   Fit (%)   : 12.44

Regressors.u : 0
Regressors.y : 1
Norm method  : ZScore
Activation   : tanh
Target MSE   : 5e-05
Plateau window (epochs) : 20

Saved figure files:
 - eta0p008-0p05_ep100-100_hid0_reg2_20260218_164708_train_fit.png
 - eta0p008-0p05_ep100-100_hid0_reg2_20260218_164708_val_fit.png
