CCNN Parameter Log
Created      : 2026-02-28 20:36:31
Script       : Npred_MiniBatch_Adam_maxCandidate.m
Run folder   : fitTr77p9_fitVa77p7_20260228_203631

eta_out=0.0080 | eta_cand=0.0050 | output_epochs=100/100 | hidden=5/5 | regressors=2 | cand_runs=5
Output plateau epoch : none
Output stopped by moving-avg : 0
Candidate epochs (per unit)  : [100 100 100 100 100]
Candidate plateau epochs      : [NaN NaN NaN NaN NaN]
N-step horizon : 20
Train obj MSE  : 0.00554406
Train series RMSE : 0.0365718
Val   RMSE      : 0.0439807
Train Fit (%)   : 77.90
Val   Fit (%)   : 77.67

MSE history (per hidden unit added): [0.00562409551155389 0.00528725264173656 0.00472565475779088 0.00653874354510526 0.0051414178738815 0.00554406128777459]
Regressors.u : 0
Regressors.y : 1
Norm method  : ZScore
Activation   : tanh
Target MSE   : 0.001
Plateau min delta  : 0
Moving avg window  : 20

Saved figure files:
 - fitTr77p9_fitVa77p7_20260228_203631_train_fit.png
 - fitTr77p9_fitVa77p7_20260228_203631_val_fit.png
 - fitTr77p9_fitVa77p7_20260228_203631_loss_fit.png
