CCNN Parameter Log
Created      : 2026-03-02 17:07:01
Script       : Npred_MiniBatch_Adam_maxCandidate.m
Run folder   : fitTr81p6_fitVa82p1_20260302_170701

eta_out=0.0080 | eta_cand=0.0050 | output_epochs=10/10 | hidden=3/3 | regressors=2 | cand_runs=3
Output plateau epoch : none
Output stopped by moving-avg : 0
Candidate epochs (per unit)  : [10 10 10]
Candidate plateau epochs      : [NaN NaN NaN]
N-step horizon : 20
Train obj MSE  : 0.004499
Train series RMSE : 0.0303918
Val   RMSE      : 0.035201
Train Fit (%)   : 81.63
Val   Fit (%)   : 82.12

MSE history (per hidden unit added): [0.00511587617011456 0.0050705824515587 0.00464348136132344 0.00449900391462043]
Regressors.u : 0
Regressors.y : 1
Norm method  : ZScore
Activation   : tanh
Target MSE   : 0.001
Plateau min delta  : 0
Moving avg window  : 20

Saved figure files:
 - fitTr81p6_fitVa82p1_20260302_170701_train_fit.png
 - fitTr81p6_fitVa82p1_20260302_170701_val_fit.png
 - fitTr81p6_fitVa82p1_20260302_170701_loss_fit.png
