CCNN Parameter Log
Created      : 2026-02-25 18:11:06
Script       : Npred_MiniBatch_Adam_maxCandidate.m
Run folder   : fitTr78p7_fitVa76p3_20260225_181106

eta_out=0.0080 | eta_cand=0.0050 | output_epochs=100/100 | hidden=0/2 | regressors=2 | cand_runs=0
Output plateau epoch : none
Output stopped by moving-avg : 0
Candidate epochs (per unit)  : []
Candidate plateau epochs      : []
N-step horizon : 3
Train obj MSE  : 0.000259443
Train series RMSE : 0.0352186
Val   RMSE      : 0.0465811
Train Fit (%)   : 78.72
Val   Fit (%)   : 76.35

MSE history (per hidden unit added): 0.00025944347672629
Regressors.u : 0
Regressors.y : 1
Norm method  : ZScore
Activation   : tanh
Target MSE   : 0.001
Plateau min delta  : 0
Moving avg window  : 20

Saved figure files:
 - fitTr78p7_fitVa76p3_20260225_181106_train_fit.png
 - fitTr78p7_fitVa76p3_20260225_181106_val_fit.png
 - fitTr78p7_fitVa76p3_20260225_181106_loss_fit.png
