CCNN Parameter Log
Created      : 2026-03-02 17:59:21
Script       : Npred_MiniBatch_Adam_maxCandidate.m
Run folder   : fitTr87p3_fitVa85p5_20260302_175921

eta_out=0.0050 | eta_cand=0.0030 | output_epochs=10/10 | hidden=6/20 | regressors=8 | cand_runs=7
Output plateau epoch : none
Output stopped by moving-avg : 0
Candidate epochs (per unit)  : [300 300 300 300 300 300 300]
Candidate plateau epochs      : [NaN NaN NaN NaN NaN NaN NaN]
N-step horizon : 1
Train obj MSE  : 0.00276692
Train series RMSE : 0.106715
Val   RMSE      : 0.11842
Train Fit (%)   : 87.27
Val   Fit (%)   : 85.55

MSE history (per hidden unit added): [0.0380798638601439 0.00527106527812528 0.00322556191559214 0.00289301874345194 0.00285455025173814 0.00264246261886899 0.00246326301475667]
Regressors.u : [1 2 3 4]
Regressors.y : [1 2 3 4]
Norm method  : ZScore
Activation   : tanh
Target MSE   : 0.0005
Plateau min delta  : 0
Moving avg window  : 20

Saved figure files:
 - fitTr87p3_fitVa85p5_20260302_175921_train_fit.png
 - fitTr87p3_fitVa85p5_20260302_175921_val_fit.png
 - fitTr87p3_fitVa85p5_20260302_175921_loss_fit.png
