CCNN Parameter Log
Created      : 2026-02-24 23:27:41
Script       : Npred_MiniBatch_Adam_maxCandidate.m
Run folder   : fitTr40p0_fitVa42p0_20260224_232741

eta_out=0.0080 | eta_cand=0.0050 | output_epochs=21/100 | hidden=1/10 | regressors=4 | cand_runs=2
Output plateau epoch : 21
Output stopped by moving-avg : 1
Candidate epochs (per unit)  : [100 100]
Candidate plateau epochs      : [NaN NaN]
N-step horizon : 20
Train obj MSE  : 0.00507157
Train series RMSE : 0.0993218
Val   RMSE      : 0.114229
Train Fit (%)   : 39.98
Val   Fit (%)   : 41.99

MSE history (per hidden unit added): [0.00554834388399891 0.00487543879926868]
Regressors.u : [0 1]
Regressors.y : [1 2]
Norm method  : ZScore
Activation   : tanh
Target MSE   : 0.001
Plateau min delta  : 0
Moving avg window  : 20

Saved figure files:
 - fitTr40p0_fitVa42p0_20260224_232741_train_fit.png
 - fitTr40p0_fitVa42p0_20260224_232741_val_fit.png
 - fitTr40p0_fitVa42p0_20260224_232741_loss_fit.png
