CCNN Parameter Log
Created      : 2026-02-25 00:22:39
Script       : Npred_MiniBatch_Adam_maxCandidate.m
Run folder   : fitTr77p5_fitVa73p2_20260225_002239

eta_out=0.0080 | eta_cand=0.0050 | output_epochs=21/100 | hidden=2/10 | regressors=4 | cand_runs=3
Output plateau epoch : 21
Output stopped by moving-avg : 1
Candidate epochs (per unit)  : [300 300 300]
Candidate plateau epochs      : [NaN NaN NaN]
N-step horizon : 20
Train obj MSE  : 0.00601312
Train series RMSE : 0.037283
Val   RMSE      : 0.0528399
Train Fit (%)   : 77.47
Val   Fit (%)   : 73.17

MSE history (per hidden unit added): [0.00554834388399891 0.00495536285933815 0.00461955571008795]
Regressors.u : [0 1]
Regressors.y : [1 2]
Norm method  : ZScore
Activation   : tanh
Target MSE   : 0.001
Plateau min delta  : 0
Moving avg window  : 20

Saved figure files:
 - fitTr77p5_fitVa73p2_20260225_002239_train_fit.png
 - fitTr77p5_fitVa73p2_20260225_002239_val_fit.png
 - fitTr77p5_fitVa73p2_20260225_002239_loss_fit.png
