CCNN Parameter Log
Created      : 2026-02-18 14:06:47
Script       : CCNN_Npred_Plateau.m
Run folder   : eta0p01-0p1_ep100-100_hid1_reg2_20260218_140647

eta_out=0.0100 | eta_cand=0.1000 | output_epochs=23/100 | hidden=1/15 | regressors=2 | cand_runs=2
Output plateau epoch : 23
Candidate epochs (per unit)  : [39 28]
Candidate plateau epochs      : [39 28]
N-step horizon : 20
Train MSE       : 0.0349483
Train Fit (%)   : 23.92
Val   Fit (%)   : 33.23

Regressors.u : 0
Regressors.y : 1
Norm method  : Zscore
Activation   : tanh
Target MSE   : 5e-05
Plateau min delta : 0.0001
Plateau patience  : 20

Saved figure files:
 - eta0p01-0p1_ep100-100_hid1_reg2_20260218_140647_train_fit.png
 - eta0p01-0p1_ep100-100_hid1_reg2_20260218_140647_val_fit.png
