CCNN Parameter Log
Created      : 2026-02-24 16:16:26
Script       : Npred_MiniBatch_Adam_maxCandidate.m
Run folder   : fitTr79p4_fitVa74p3_20260224_161626

eta_out=0.0080 | eta_cand=0.0500 | output_epochs=21/100 | hidden=0/10 | regressors=4 | cand_runs=1
Output plateau epoch : 21
Output stopped by moving-avg : 1
Candidate epochs (per unit)  : 37
Candidate plateau epochs      : 37
N-step horizon : 20
Train obj RMSE  : 0.0065192
Train series RMSE : 0.0340665
Val   RMSE      : 0.0506704
Train Fit (%)   : 79.41
Val   Fit (%)   : 74.27

MSE history (per hidden unit added): 0.00554834388399891
Regressors.u : [0 1]
Regressors.y : [1 2]
Norm method  : ZScore
Activation   : tanh
Target MSE   : 0.001
Plateau min delta  : 0
Moving avg window  : 20

Saved figure files:
 - fitTr79p4_fitVa74p3_20260224_161626_train_fit.png
 - fitTr79p4_fitVa74p3_20260224_161626_val_fit.png
 - fitTr79p4_fitVa74p3_20260224_161626_loss_fit.png
