CCNN Parameter Log
Created      : 2026-02-28 19:06:46
Script       : Npred_MiniBatch_Adam_maxCandidate.m
Run folder   : fitTr79p9_fitVa76p2_20260228_190646

eta_out=0.0080 | eta_cand=0.0050 | output_epochs=100/100 | hidden=1/1 | regressors=2 | cand_runs=1
Output plateau epoch : none
Output stopped by moving-avg : 0
Candidate epochs (per unit)  : 100
Candidate plateau epochs      : NaN
N-step horizon : 20
Train obj MSE  : 0.00510278
Train series RMSE : 0.0333342
Val   RMSE      : 0.0467912
Train Fit (%)   : 79.86
Val   Fit (%)   : 76.24

MSE history (per hidden unit added): [0.00526067598491507 0.0051027820523472]
Regressors.u : 0
Regressors.y : 1
Norm method  : ZScore
Activation   : tanh
Target MSE   : 0.001
Plateau min delta  : 0
Moving avg window  : 20

Saved figure files:
 - fitTr79p9_fitVa76p2_20260228_190646_train_fit.png
 - fitTr79p9_fitVa76p2_20260228_190646_val_fit.png
 - fitTr79p9_fitVa76p2_20260228_190646_loss_fit.png
