CCNN Parameter Log
Created      : 2026-03-29 15:00:45
Script       : writeParameterLog.m
Run folder   : fitTr51p9_fitVa46p4_20260329_150045

eta_out=0.0050 | eta_cand=0.0030 | output_epochs=21/100 | hidden=1/5 | regressors=2 | cand_runs=2
Output plateau epoch : 21
Output stopped by moving-avg : 1
Candidate epochs (per unit)  : [21 23]
Candidate plateau epochs      : [21 23]
N-step horizon : 20
Train obj MSE  : 0.231762
Train series RMSE : 28.2225
Val   RMSE      : 30.055
Train Fit (%)   : 51.85
Val   Fit (%)   : 46.40

MSE history (per hidden unit added): [0.232227138349652 0.231635277798271]
Regressors.u : 1
Regressors.y : 1
Norm method  : zscore
Activation   : diff
Target MSE   : 0.0005
Plateau min delta  : 0
Moving avg window  : 20

Saved figure files:
 - fitTr51p9_fitVa46p4_20260329_150045_train_fit.png
 - fitTr51p9_fitVa46p4_20260329_150045_val_fit.png
 - fitTr51p9_fitVa46p4_20260329_150045_loss_fit.png
 - fitTr51p9_fitVa46p4_20260329_150045_candidatecorr_fit.png
 - fitTr51p9_fitVa46p4_20260329_150045_losshistory_fit.png
