CCNN Parameter Log
Created      : 2026-03-09 17:21:43
Script       : writeParameterLog.m
Run folder   : fitTr88p5_fitVa89p0_20260309_172143

eta_out=0.0001 | eta_cand=0.0030 | output_epochs=59/100 | hidden=2/10 | regressors=8 | cand_runs=3
Output plateau epoch : 59
Output stopped by moving-avg : 1
Candidate epochs (per unit)  : [100 100 100]
Candidate plateau epochs      : [NaN NaN NaN]
N-step horizon : 20
Train obj MSE  : 0.0132539
Train series RMSE : 0.0964485
Val   RMSE      : 0.0903928
Train Fit (%)   : 88.49
Val   Fit (%)   : 88.97

MSE history (per hidden unit added): [0.0214757209397282 0.0177830354338143 0.0132433950907322]
Regressors.u : [1 2 3 4]
Regressors.y : [1 2 3 4]
Norm method  : zscore
Activation   : diff
Target MSE   : 0.0005
Plateau min delta  : 0
Moving avg window  : 20

Saved figure files:
 - fitTr88p5_fitVa89p0_20260309_172143_train_fit.png
 - fitTr88p5_fitVa89p0_20260309_172143_val_fit.png
 - fitTr88p5_fitVa89p0_20260309_172143_loss_fit.png
 - fitTr88p5_fitVa89p0_20260309_172143_candidatecorr_fit.png
 - fitTr88p5_fitVa89p0_20260309_172143_losshistory_fit.png
