CCNN Parameter Log
Created      : 2026-03-02 17:09:44
Script       : Npred_MiniBatch_Adam_maxCandidate.m
Run folder   : fitTr81p5_fitVa82p0_20260302_170944

eta_out=0.0080 | eta_cand=0.0050 | output_epochs=10/10 | hidden=3/5 | regressors=2 | cand_runs=4
Output plateau epoch : none
Output stopped by moving-avg : 0
Candidate epochs (per unit)  : [10 10 10 10]
Candidate plateau epochs      : [NaN NaN NaN NaN]
N-step horizon : 20
Train obj MSE  : 0.00478624
Train series RMSE : 0.0306112
Val   RMSE      : 0.0354095
Train Fit (%)   : 81.50
Val   Fit (%)   : 82.02

MSE history (per hidden unit added): [0.00511587617011456 0.00510477644527488 0.00470816784945232 0.00445476694744337]
Regressors.u : 0
Regressors.y : 1
Norm method  : ZScore
Activation   : tanh
Target MSE   : 0.001
Plateau min delta  : 0
Moving avg window  : 20

Saved figure files:
 - fitTr81p5_fitVa82p0_20260302_170944_train_fit.png
 - fitTr81p5_fitVa82p0_20260302_170944_val_fit.png
 - fitTr81p5_fitVa82p0_20260302_170944_loss_fit.png
