Data source : dryer2
CCNN Parameter Log
Created      : 2026-05-21 14:41:44
Script       : writeParameterLog.m
Run folder   : fitTr87_fitVa83_reg4_diff-tanh

eta_out=0.0005 | eta_cand=0.0005 | output_epochs=80/20 | hidden=10/15 | regressors=4 | cand_runs=11
Hidden added : 10
Hidden max   : 15
Output plateau epoch : 80
Candidate epochs (per unit)  : [300 300 300 258 300 300 300 300 300 276 206]
Candidate plateau epochs      : [NaN NaN NaN 258 NaN NaN NaN NaN NaN 276 206]
Data source   : dryer2
Dryer2 sampling time   : 0.08
N-step horizon : 20
Train obj MSE  : 0.0173707
Val   obj MSE  : 0.0278527
Train series RMSE : 0.11046
Val   RMSE      : 0.139872
Train Fit (%)   : 86.82
Val   Fit (%)   : 82.93

Hidden units per stage : [0 1 2 3 4 5 6 7 8 9 10]
Train obj MSE history  : [0.286530164912213 0.117987752201251 0.0864854892709908 0.0520194409036991 0.053156709255665 0.0299493690990548 0.0424372168677647 0.0230615381344084 0.0181761662960166 0.0186100988413931 0.0173707032889982]
Val   obj MSE history  : [0.294289315876133 0.109676364443751 0.101198540784819 0.0683185682943686 0.061614144162397 0.0523768329114769 0.0640619779073194 0.0359406448792589 0.0319895315054876 0.0319407621645642 0.0278526964020225]
Train RMSE history     : [0.448622606450249 0.2878819548463 0.24647200767489 0.191151988161405 0.193230208773026 0.145040677073373 0.1726511305088 0.127274123363651 0.112991850977945 0.11433266304937 0.110459908828716]
Val   RMSE history     : [0.454656314396508 0.277557203006251 0.266614094471787 0.219061147179728 0.208034895742762 0.191807505155579 0.212127098190802 0.158887200116841 0.149899408544216 0.149785101090682 0.139871619066704]
Train Fit history (%)  : [46.471030637398 65.6503615300481 70.5913336557833 77.1920345279634 76.94406439483 82.6939662697255 79.3995288187756 84.8138445271585 86.5179836186146 86.3579999547055 86.8200911178472]
Val   Fit history (%)  : [44.5020858786766 66.1198023024445 67.4555798522892 73.2601608103993 74.6060872518721 76.5868940738693 74.1065699399223 80.6053321864307 81.7024327193904 81.7163857318941 82.9264812624935]
Best validation stage  : #11 (hidden=10)
Best validation metric : validation fit = 82.9265
MSE history (final selected prefix): [0.286530164912213 0.117987752201251 0.0864854892709908 0.0520194409036991 0.053156709255665 0.0299493690990548 0.0424372168677647 0.0230615381344084 0.0181761662960166 0.0186100988413931 0.0173707032889982]
Regressors.u : [1 2]
Regressors.y : [1 2]
Norm method  : zscore
Activation   : diff-tanh
Activation clipping : 1
Tustin sample time : 0.08
Diff clip lower : -50
Diff clip upper : 50
Sim loss eval interval : 20
Sim loss min blocks : 3
Output max epochs : 1000
Target MSE   : 0.0005
Plateau min delta  : 0
Moving avg window  : 20
Hidden bootstrap count : 4
Hidden acceptance window : 3

Saved figure files:
 - Train_reg4_diff-tanh.png
 - Val_reg4_diff-tanh.png
 - LossFinal_reg4_diff-tanh.png
 - LossBeforeRevert_reg4_diff-tanh.png
 - CandidateCorr_reg4_diff-tanh.png
 - LossHistory_reg4_diff-tanh.png
