CCNN Parameter Log
Created      : 2026-03-29 15:27:03
Script       : writeParameterLog.m
Run folder   : fitTr51p8_fitVa46p4_20260329_152703

eta_out=0.0050 | eta_cand=0.0000 | output_epochs=21/100 | hidden=0/5 | regressors=2 | cand_runs=1
Output plateau epoch : 21
Output stopped by moving-avg : 1
Candidate epochs (per unit)  : 90
Candidate plateau epochs      : 90
N-step horizon : 20
Train obj MSE  : 0.232933
Train series RMSE : 28.2585
Val   RMSE      : 30.0522
Train Fit (%)   : 51.79
Val   Fit (%)   : 46.40

MSE history (per hidden unit added): 0.232227138349652
Regressors.u : 1
Regressors.y : 1
Norm method  : zscore
Activation   : diff-tanh
Target MSE   : 0.0005
Plateau min delta  : 0
Moving avg window  : 20

Saved figure files:
 - fitTr51p8_fitVa46p4_20260329_152703_train_fit.png
 - fitTr51p8_fitVa46p4_20260329_152703_val_fit.png
 - fitTr51p8_fitVa46p4_20260329_152703_loss_fit.png
 - fitTr51p8_fitVa46p4_20260329_152703_candidatecorr_fit.png
 - fitTr51p8_fitVa46p4_20260329_152703_losshistory_fit.png
