CCNN Parameter Log
Created      : 2026-03-23 17:32:09
Script       : writeParameterLog.m
Run folder   : fitTr53p2_fitVa47p8_20260323_173209

eta_out=0.0000 | eta_cand=0.0003 | output_epochs=100/100 | hidden=5/5 | regressors=8 | cand_runs=5
Output plateau epoch : none
Output stopped by moving-avg : 0
Candidate epochs (per unit)  : [100 100 100 100 100]
Candidate plateau epochs      : [NaN NaN NaN NaN NaN]
N-step horizon : 20
Train obj MSE  : 0.21872
Train series RMSE : 27.4244
Val   RMSE      : 29.2947
Train Fit (%)   : 53.21
Val   Fit (%)   : 47.75

MSE history (per hidden unit added): [0.226766532105636 0.226317358990771 0.219687529175059 0.218827717837779 0.218726210003295 0.218719839842724]
Regressors.u : [1 2 3 4]
Regressors.y : [1 2 3 4]
Norm method  : ZScore
Activation   : diff
Target MSE   : 0.0005
Plateau min delta  : 0
Moving avg window  : 20

Saved figure files:
 - fitTr53p2_fitVa47p8_20260323_173209_train_fit.png
 - fitTr53p2_fitVa47p8_20260323_173209_val_fit.png
 - fitTr53p2_fitVa47p8_20260323_173209_loss_fit.png
 - fitTr53p2_fitVa47p8_20260323_173209_candidatecorr_fit.png
 - fitTr53p2_fitVa47p8_20260323_173209_losshistory_fit.png
