Data source : mrDamper
CCNN Parameter Log
Created      : 2026-05-05 17:45:44
Script       : writeParameterLog.m
Run folder   : fitTr76_fitVa66

eta_out=0.0050 | eta_cand=0.0030 | output_epochs=60/20 | hidden=9/15 | regressors=2 | cand_runs=10
Output plateau epoch : 60
Candidate epochs (per unit)  : [50 34 68 50 31 31 30 91 33 50]
Candidate plateau epochs      : [50 34 68 50 31 31 30 91 33 50]
Data source   : mrDamper
N-step horizon : 20
Train obj MSE  : 0.0557679
Val   obj MSE  : 0.104673
Train series RMSE : 13.8479
Val   RMSE      : 18.9719
Train Fit (%)   : 76.38
Val   Fit (%)   : 66.16

Hidden units per stage : [0 1 2 3 4 5 6 7 8 9]
Train obj MSE history  : [0.233801046720253 0.232135884285307 0.21102796197919 0.139730642714647 0.146072691909964 0.129774496828496 0.0743777816232331 0.0981774002226512 0.065634529905595 0.0557679068452818]
Val   obj MSE history  : [0.260585173340348 0.248769064879307 0.228025924186284 0.178055001788206 0.153635192682214 0.151374497393437 0.109371063751738 0.117374554993787 0.117852360817541 0.104672590963768]
Train RMSE history     : [28.3541406752609 28.2529892521743 26.9378708554972 21.9199264447233 22.4118537881694 21.124573090114 15.9924453264325 18.3738018283435 15.0230963874731 13.8479483897533]
Val   RMSE history     : [29.9342316401834 29.2476819212211 28.0017630592754 24.7440254211991 22.9846883152533 22.8149552480041 19.39297699192 20.0900141903384 20.1308636599457 18.9718530178576]
Train Fit history (%)  : [51.6279579850631 51.8005218777041 54.0441082049098 62.6046997829277 61.7654738512375 63.9615691843498 72.7169570712213 68.6543731233506 74.3706621910308 76.3754596197559]
Val   Fit history (%)  : [46.6113341981175 47.8358177239565 50.0579541240566 55.8682340777934 59.0060684445222 59.3087928341716 65.4120012175175 64.1688129344453 64.0959565903352 66.1630893824864]
Best validation stage  : #10 (hidden=9)
Best validation metric : validation fit = 66.1631
MSE history (final selected prefix): [0.233801046720253 0.232135884285307 0.21102796197919 0.139730642714647 0.146072691909964 0.129774496828496 0.0743777816232331 0.0981774002226512 0.065634529905595 0.0557679068452818]
Regressors.u : 1
Regressors.y : 1
Norm method  : zscore
Activation   : diff-tanh
Activation clipping : 1
Tustin sample time : 1
Diff clip lower : -50
Diff clip upper : 50
Sim loss eval interval : 20
Sim loss min blocks : 3
Output max epochs : 1000
Target MSE   : 0.0005
Plateau min delta  : 0
Moving avg window  : 20
Hidden bootstrap count : 4
Hidden acceptance window : 3

Saved figure files:
 - Train.png
 - Val.png
 - LossFinal.png
 - LossBeforeRevert.png
 - CandidateCorr.png
 - LossHistory.png
