Data source : robotarmdata
CCNN Parameter Log
Created      : 2026-05-18 01:28:12
Script       : writeParameterLog.m
Run folder   : fitTr50_fitVa44

eta_out=0.0005 | eta_cand=0.0005 | output_epochs=60/20 | hidden=5/15 | regressors=2 | cand_runs=6
Output plateau epoch : 60
Candidate epochs (per unit)  : [27 300 300 78 300 300]
Candidate plateau epochs      : [27 NaN NaN 78 NaN NaN]
Data source   : robotarmdata
Robot arm sampling time : 0.0005
Robot arm validation experiment : 1
N-step horizon : 20
Train obj MSE  : 0.247164
Val   obj MSE  : 0.314452
Train series RMSE : 10.3602
Val   RMSE      : 11.6857
Train Fit (%)   : 50.28
Val   Fit (%)   : 43.85

Hidden units per stage : [0 1 2 3 4 5]
Train obj MSE history  : [0.462917018877826 0.512619078485151 0.286400624350665 0.218899296824143 0.24283868634247 0.247164309928964]
Val   obj MSE history  : [0.460766403672274 0.500293947405013 0.36366934696076 0.415188357034269 0.447283662260373 0.314452367388406]
Train RMSE history     : [14.1784485552627 14.9201957389458 11.1522916431067 9.74988113723035 10.2691873073002 10.3602448083639]
Val   RMSE history     : [14.1454751673544 14.7397379437276 12.5669673360372 13.4276409867689 13.9369793162084 11.6856956825075]
Train Fit history (%)  : [31.9606208168299 28.4011327887881 46.4825085121892 53.2123802472997 50.7203396492168 50.2833739390266]
Val   Fit history (%)  : [32.0343184221737 29.179025534894 39.6186773328595 35.4833428463195 33.0360919548145 43.8529803787974]
Best validation stage  : #6 (hidden=5)
Best validation metric : validation fit = 43.853
MSE history (final selected prefix): [0.462917018877826 0.512619078485151 0.286400624350665 0.218899296824143 0.24283868634247 0.247164309928964]
Regressors.u : 1
Regressors.y : 1
Norm method  : zscore
Activation   : tanh
Activation clipping : 1
Tustin sample time : 0.0005
Diff clip lower : -50
Diff clip upper : 50
Sim loss eval interval : 20
Sim loss min blocks : 3
Output max epochs : 1000
Target MSE   : 0.0005
Plateau min delta  : 0
Moving avg window  : 20
Hidden bootstrap count : 4
Hidden acceptance window : 3

Saved figure files:
 - Train.png
 - Val.png
 - LossFinal.png
 - LossBeforeRevert.png
 - CandidateCorr.png
 - LossHistory.png
