CCNN Parameter Log
Created      : 2026-03-09 16:43:48
Script       : writeParameterLog.m
Run folder   : fitTr85p4_fitVa84p8_20260309_164348

eta_out=0.0005 | eta_cand=0.0030 | output_epochs=22/100 | hidden=1/10 | regressors=8 | cand_runs=2
Output plateau epoch : 22
Output stopped by moving-avg : 1
Candidate epochs (per unit)  : [100 100]
Candidate plateau epochs      : [NaN NaN]
N-step horizon : 20
Train obj MSE  : 0.022517
Train series RMSE : 0.122135
Val   RMSE      : 0.124252
Train Fit (%)   : 85.43
Val   Fit (%)   : 84.83

MSE history (per hidden unit added): [0.0214757209397282 0.0212366573238879]
Regressors.u : [1 2 3 4]
Regressors.y : [1 2 3 4]
Norm method  : zscore
Activation   : tanh
Target MSE   : 0.0005
Plateau min delta  : 0
Moving avg window  : 20

Saved figure files:
 - fitTr85p4_fitVa84p8_20260309_164348_train_fit.png
 - fitTr85p4_fitVa84p8_20260309_164348_val_fit.png
 - fitTr85p4_fitVa84p8_20260309_164348_loss_fit.png
 - fitTr85p4_fitVa84p8_20260309_164348_candidatecorr_fit.png
 - fitTr85p4_fitVa84p8_20260309_164348_losshistory_fit.png
