Data source : mrDamper
CCNN Parameter Log
Created      : 2026-05-21 15:22:31
Script       : writeParameterLog.m
Run folder   : fitTr75_fitVa70

eta_out=0.0005 | eta_cand=0.0005 | output_epochs=100/20 | hidden=12/15 | regressors=6 | cand_runs=13
Hidden added : 12
Hidden max   : 15
Output plateau epoch : 100
Candidate epochs (per unit)  : [248 279 300 300 300 158 134 89 91 75 125 153 139]
Candidate plateau epochs      : [248 279 NaN NaN NaN 158 134 89 91 75 125 153 139]
Data source   : mrDamper
N-step horizon : 20
Train obj MSE  : 0.0629255
Val   obj MSE  : 0.0843747
Train series RMSE : 14.7098
Val   RMSE      : 17.0333
Train Fit (%)   : 74.91
Val   Fit (%)   : 69.62

Hidden units per stage : [0 1 2 3 4 5 6 7 8 9 10 11 12]
Train obj MSE history  : [0.23436876961166 0.231590961357439 0.188350693356284 0.152297361371765 0.124139730216572 0.111609185267814 0.105201118708717 0.10721981225553 0.0936701397309863 0.0798089596977632 0.0667694471746217 0.07385326094468 0.062925499862706]
Val   obj MSE history  : [0.257518114307826 0.249129701902111 0.228309908201358 0.199830568297484 0.17104354138978 0.203648434364131 0.129157046673612 0.110962523384825 0.113628875965164 0.107315170548743 0.109659330740231 0.0898872409417156 0.084374683284536]
Train RMSE history     : [28.3885450006756 28.2198087997465 25.4493606210547 22.8843959637403 20.6608727434211 19.5903968194855 19.0196903973833 19.2013067334739 17.9470820448211 16.5660546251857 15.1524253948081 15.9359552738707 14.7097943532667]
Val   RMSE history     : [29.7575488985352 29.2688742205071 28.0191943640608 26.2134525882977 24.2519466433653 26.462678588027 21.0742591881956 19.5335611464491 19.7668569541499 19.2098433876106 19.4185170028476 17.5809479919998 17.0333214318645]
Train Fit history (%)  : [51.56926435391 51.8571275868065 56.5835002614266 60.959318932549 64.7526399810092 66.5788673021486 67.5524900031254 67.2426533150525 69.3823552383282 71.7383820751658 74.1500274608795 72.8133288578763 74.9051541135886]
Val   Fit history (%)  : [46.926453555788 47.798020575937 50.0268648308065 53.2474634200583 56.7458724195339 52.8029608262179 62.4133802950041 65.1612648520943 64.7451742685765 65.7386258964166 65.3664497858194 68.6438132734579 69.6205228731809]
Best validation stage  : #13 (hidden=12)
Best validation metric : validation fit = 69.6205
MSE history (final selected prefix): [0.23436876961166 0.231590961357439 0.188350693356284 0.152297361371765 0.124139730216572 0.111609185267814 0.105201118708717 0.10721981225553 0.0936701397309863 0.0798089596977632 0.0667694471746217 0.07385326094468 0.062925499862706]
Regressors.u : [1 2 3]
Regressors.y : [1 2 3]
Norm method  : zscore
Activation   : diff-tanh
Activation clipping : 1
Tustin sample time : 1
Diff clip lower : -50
Diff clip upper : 50
Sim loss eval interval : 20
Sim loss min blocks : 3
Output max epochs : 1000
Target MSE   : 0.0005
Plateau min delta  : 0
Moving avg window  : 20
Hidden bootstrap count : 4
Hidden acceptance window : 3

Saved figure files:
 - Train.png
 - Val.png
 - LossFinal.png
 - LossBeforeRevert.png
 - CandidateCorr.png
 - LossHistory.png
