Data source : mrDamper
CCNN Parameter Log
Created      : 2026-05-17 22:34:05
Script       : writeParameterLog.m
Run folder   : fitTr69_fitVa72

eta_out=0.0005 | eta_cand=0.0005 | output_epochs=100/20 | hidden=12/15 | regressors=6 | cand_runs=14
Output plateau epoch : 100
Candidate epochs (per unit)  : [204 100 36 70 71 75 252 97 88 113 78 42 44 156]
Candidate plateau epochs      : [204 100 36 70 71 75 252 97 88 113 78 42 44 156]
Data source   : mrDamper
N-step horizon : 20
Train obj MSE  : 0.0937723
Val   obj MSE  : 0.0728858
Train series RMSE : 17.9569
Val   RMSE      : 15.8312
Train Fit (%)   : 69.37
Val   Fit (%)   : 71.76

Hidden units per stage : [0 1 2 3 4 5 6 7 8 9 10 11 12 13]
Train obj MSE history  : [0.23436876961166 0.232764433484854 0.231109892666587 0.223144710040142 0.214111226208031 0.196296290898935 0.174213330949303 0.159917422564583 0.165517403180723 0.161956943424367 0.138021096112343 0.104869966453856 0.0937722890240283 0.09150154166022]
Val   obj MSE history  : [0.257518114307826 0.252354598615759 0.245519735400401 0.236844743400938 0.228347700787099 0.216566004888534 0.195496011998785 0.172980823147795 0.175323500373765 0.163682424663244 0.128500067722074 0.0891364944831509 0.0728857723460511 0.0733157704835258]
Train RMSE history     : [28.3885450006756 28.2912133920534 28.1904839856701 27.7004332686344 27.1339476943503 25.9806080389299 24.4756343448539 23.449908631671 23.8569596572398 23.5989701024373 21.7854231651343 18.9897316963986 17.9568652169846 17.738115147537]
Val   RMSE history     : [29.7575488985352 29.4577027670361 29.0560428851061 28.5381055115466 28.0215133041282 27.2890493439091 25.9275938758645 24.3889017329089 24.5534956364351 23.7243481724897 21.0205919797402 17.5073752053245 15.8312294814433 15.8778599020202]
Train Fit history (%)  : [51.56926435391 51.7353116595073 51.9071555934681 52.7431800085753 53.709601961332 55.6771944519119 58.2446730997391 59.9945567538459 59.3001294553237 59.7402585259681 62.8341617992851 67.6035994181256 69.3656651887036 69.7388518661374]
Val   Fit history (%)  : [46.926453555788 47.4612387842521 48.177612114296 49.1013700939782 50.0227289265427 51.3291019797788 53.757301636322 56.5016086083427 56.2080500826383 57.6868612772986 62.5090974889908 68.7750327070192 71.7644925656589 71.6813257093885]
Best validation stage  : #13 (hidden=12)
Best validation metric : validation fit = 71.7645
Final model note : selected from an earlier validation stage, not the last hidden-added stage.
MSE history (final selected prefix): [0.23436876961166 0.232764433484854 0.231109892666587 0.223144710040142 0.214111226208031 0.196296290898935 0.174213330949303 0.159917422564583 0.165517403180723 0.161956943424367 0.138021096112343 0.104869966453856 0.0937722890240283]
Regressors.u : [1 2 3]
Regressors.y : [1 2 3]
Norm method  : zscore
Activation   : diff
Activation clipping : 1
Tustin sample time : 1
Diff clip lower : -50
Diff clip upper : 50
Sim loss eval interval : 20
Sim loss min blocks : 3
Output max epochs : 1000
Target MSE   : 0.0005
Plateau min delta  : 0
Moving avg window  : 20
Hidden bootstrap count : 4
Hidden acceptance window : 3

Saved figure files:
 - Train.png
 - Val.png
 - LossFinal.png
 - LossBeforeRevert.png
 - CandidateCorr.png
 - LossHistory.png
