CCNN Parameter Log
Created      : 2026-02-25 00:29:13
Script       : Npred_MiniBatch_Adam_maxCandidate.m
Run folder   : fitTr79p8_fitVa76p8_20260225_002913

eta_out=0.0080 | eta_cand=0.0050 | output_epochs=23/100 | hidden=0/10 | regressors=4 | cand_runs=1
Output plateau epoch : 23
Output stopped by moving-avg : 1
Candidate epochs (per unit)  : 100
Candidate plateau epochs      : NaN
N-step horizon : 20
Train obj MSE  : 0.00623114
Train series RMSE : 0.0334533
Val   RMSE      : 0.0457768
Train Fit (%)   : 79.78
Val   Fit (%)   : 76.75

MSE history (per hidden unit added): 0.00554834388399891
Regressors.u : [0 1]
Regressors.y : [1 2]
Norm method  : ZScore
Activation   : tanh
Target MSE   : 0.001
Plateau min delta  : 0
Moving avg window  : 20

Saved figure files:
 - fitTr79p8_fitVa76p8_20260225_002913_train_fit.png
 - fitTr79p8_fitVa76p8_20260225_002913_val_fit.png
 - fitTr79p8_fitVa76p8_20260225_002913_loss_fit.png
