Data source : mrDamper
CCNN Parameter Log
Created      : 2026-04-16 15:44:03
Script       : writeParameterLog.m
Run folder   : fitTr64_fitVa60

eta_out=0.0050 | eta_cand=0.0030 | output_epochs=40/10 | hidden=11/15 | regressors=2 | cand_runs=12
Output plateau epoch : 40
Candidate epochs (per unit)  : [23 21 24 25 29 22 26 26 23 28 21 27]
Candidate plateau epochs      : [23 21 24 25 29 22 26 26 23 28 21 27]
Data source   : mrDamper
N-step horizon : 20
Train obj MSE  : 0.140354
Train series RMSE : 21.0517
Val   RMSE      : 22.6245
Train Fit (%)   : 64.09
Val   Fit (%)   : 59.65

MSE history (per hidden unit added): [0.232765233675919 0.232518790714537 0.233144652344054 0.233289201215302 0.204629727189846 0.192564992943598 0.195751143387464 0.164673944882738 0.155535725186705 0.130201447201198 0.119149373217839 0.128881275730402]
Regressors.u : 1
Regressors.y : 1
Norm method  : zscore
Activation   : diff
Diff clip lower : -20
Diff clip upper : 20
Sim loss eval interval : 10
Sim loss min blocks : 3
Output max epochs : 1000
Target MSE   : 0.0005
Plateau min delta  : 0
Moving avg window  : 20

Saved figure files:
 - fitTr64_fitVa60_20260416_154403_train_fit.png
 - fitTr64_fitVa60_20260416_154403_val_fit.png
 - fitTr64_fitVa60_20260416_154403_loss_fit.png
 - fitTr64_fitVa60_20260416_154403_candidatecorr_fit.png
 - fitTr64_fitVa60_20260416_154403_losshistory_fit.png
