CCNN Parameter Log
Created      : 2026-02-18 11:51:51
Script       : CCNN_Npred_Plateau.m
Run folder   : eta0p008-0p05_ep100-100_hid0_reg2_20260218_115151

eta_out=0.0080 | eta_cand=0.0500 | output_epochs=14/100 | hidden=0/15 | regressors=2 | cand_runs=1
Output plateau epoch : 14
Candidate epochs (per unit)  : 11
Candidate plateau epochs      : 11
N-step horizon : 20
Train MSE       : 0.346732
Train Fit (%)   : 40.23
Val   Fit (%)   : 53.86

Regressors.u : 0
Regressors.y : 1
Norm method  : ZScore
Activation   : sigmoid
Target MSE   : 5e-05
Plateau min delta : 0.0001
Plateau patience  : 10

Saved figure files:
 - eta0p008-0p05_ep100-100_hid0_reg2_20260218_115151_train_fit.png
 - eta0p008-0p05_ep100-100_hid0_reg2_20260218_115151_val_fit.png
