CCNN Parameter Log
Created      : 2026-03-29 14:55:45
Script       : writeParameterLog.m
Run folder   : fitTr49p8_fitVa44p2_20260329_145545

eta_out=0.0500 | eta_cand=0.3000 | output_epochs=10/10 | hidden=5/5 | regressors=2 | cand_runs=5
Output plateau epoch : none
Output stopped by moving-avg : 0
Candidate epochs (per unit)  : [10 10 10 10 10]
Candidate plateau epochs      : [NaN NaN NaN NaN NaN]
N-step horizon : 20
Train obj MSE  : 0.252121
Train series RMSE : 29.444
Val   RMSE      : 31.2948
Train Fit (%)   : 49.77
Val   Fit (%)   : 44.18

MSE history (per hidden unit added): [0.233753429269944 0.231787484294318 0.227575085865444 0.242127281298082 0.307639636793084 0.252120626987423]
Regressors.u : 1
Regressors.y : 1
Norm method  : zscore
Activation   : diff
Target MSE   : 0.0005
Plateau min delta  : 0
Moving avg window  : 20

Saved figure files:
 - fitTr49p8_fitVa44p2_20260329_145545_train_fit.png
 - fitTr49p8_fitVa44p2_20260329_145545_val_fit.png
 - fitTr49p8_fitVa44p2_20260329_145545_loss_fit.png
 - fitTr49p8_fitVa44p2_20260329_145545_candidatecorr_fit.png
 - fitTr49p8_fitVa44p2_20260329_145545_losshistory_fit.png
