CCNN Parameter Log
Created      : 2026-02-17 18:39:56
Script       : CCNN_Npred_MiniBatch.m
Run folder   : eta0p01-0p09_ep100-100_hid1_reg4_20260217_183956

eta_out=0.0100 | eta_cand=0.0900 | output_epochs=21/100 | hidden=1/15 | regressors=4 | cand_runs=2
Output plateau epoch : 11
Candidate epochs (per unit)  : [23 23]
Candidate plateau epochs      : [13 13]
N-step horizon : 20
Train MSE       : 0.0707285
Train Fit (%)   : 39.80
Val   Fit (%)   : 41.54

Regressors.u : [0 1]
Regressors.y : [1 2]
Norm method  : ZScore
Activation   : sigmoid
Target MSE   : 5e-05
Plateau min delta : 0.0001
Plateau patience  : 10

Saved figure files:
 - eta0p01-0p09_ep100-100_hid1_reg4_20260217_183956_train_fit.png
 - eta0p01-0p09_ep100-100_hid1_reg4_20260217_183956_val_fit.png
