CCNN Parameter Log
Created      : 2026-03-02 18:03:02
Script       : Npred_MiniBatch_Adam_maxCandidate.m
Run folder   : fitTr84p2_fitVa83p3_20260302_180302

eta_out=0.0050 | eta_cand=0.0030 | output_epochs=50/50 | hidden=1/20 | regressors=8 | cand_runs=2
Output plateau epoch : none
Output stopped by moving-avg : 0
Candidate epochs (per unit)  : [150 150]
Candidate plateau epochs      : [NaN NaN]
N-step horizon : 1
Train obj MSE  : 0.00288201
Train series RMSE : 0.132647
Val   RMSE      : 0.136472
Train Fit (%)   : 84.17
Val   Fit (%)   : 83.34

MSE history (per hidden unit added): [0.00530540327787795 0.00266142335218456]
Regressors.u : [1 2 3 4]
Regressors.y : [1 2 3 4]
Norm method  : ZScore
Activation   : tanh
Target MSE   : 0.0005
Plateau min delta  : 0
Moving avg window  : 20

Saved figure files:
 - fitTr84p2_fitVa83p3_20260302_180302_train_fit.png
 - fitTr84p2_fitVa83p3_20260302_180302_val_fit.png
 - fitTr84p2_fitVa83p3_20260302_180302_loss_fit.png
