CCNN Parameter Log
Created      : 2026-04-07 13:34:12
Script       : writeParameterLog.m
Run folder   : fitTr53p1_fitVa44p4_20260407_133412

eta_out=0.0050 | eta_cand=0.0030 | output_epochs=22/100 | hidden=2/5 | regressors=2 | cand_runs=3
Output plateau epoch : 22
Output stopped by moving-avg : 1
Candidate epochs (per unit)  : [300 300 224]
Candidate plateau epochs      : [NaN NaN 224]
N-step horizon : 20
Train obj MSE  : 0.228038
Train series RMSE : 27.4775
Val   RMSE      : 31.1636
Train Fit (%)   : 53.12
Val   Fit (%)   : 44.42

MSE history (per hidden unit added): [0.232227138349652 0.228261043935659 0.219568036422732]
Regressors.u : 1
Regressors.y : 1
Norm method  : zscore
Activation   : diff-tanh
Target MSE   : 0.0005
Plateau min delta  : 0
Moving avg window  : 20

Saved figure files:
 - fitTr53p1_fitVa44p4_20260407_133412_train_fit.png
 - fitTr53p1_fitVa44p4_20260407_133412_val_fit.png
 - fitTr53p1_fitVa44p4_20260407_133412_loss_fit.png
 - fitTr53p1_fitVa44p4_20260407_133412_candidatecorr_fit.png
 - fitTr53p1_fitVa44p4_20260407_133412_losshistory_fit.png
