CCNN Parameter Log
Created      : 2026-04-07 16:53:43
Script       : writeParameterLog.m
Run folder   : fitTr54p4_fitVa47p8_20260407_165343

eta_out=0.0050 | eta_cand=0.0030 | output_epochs=24/100 | hidden=1/5 | regressors=2 | cand_runs=2
Output plateau epoch : 24
Output stopped by moving-avg : 1
Candidate epochs (per unit)  : [251 300]
Candidate plateau epochs      : [251 NaN]
N-step horizon : 20
Train obj MSE  : 0.214551
Train series RMSE : 26.7002
Val   RMSE      : 29.2439
Train Fit (%)   : 54.45
Val   Fit (%)   : 47.84

MSE history (per hidden unit added): [0.232227138349652 0.207320307770422]
Regressors.u : 1
Regressors.y : 1
Norm method  : zscore
Activation   : diff-sigmoid
Target MSE   : 0.0005
Plateau min delta  : 0
Moving avg window  : 20

Saved figure files:
 - fitTr54p4_fitVa47p8_20260407_165343_train_fit.png
 - fitTr54p4_fitVa47p8_20260407_165343_val_fit.png
 - fitTr54p4_fitVa47p8_20260407_165343_loss_fit.png
 - fitTr54p4_fitVa47p8_20260407_165343_candidatecorr_fit.png
 - fitTr54p4_fitVa47p8_20260407_165343_losshistory_fit.png
