CCNN Parameter Log
Created      : 2026-03-19 00:02:58
Script       : writeParameterLog.m
Run folder   : fitTr55p3_fitVa48p5_20260319_000258

eta_out=0.0003 | eta_cand=0.0030 | output_epochs=100/100 | hidden=1/10 | regressors=8 | cand_runs=2
Output plateau epoch : none
Output stopped by moving-avg : 0
Candidate epochs (per unit)  : [100 100]
Candidate plateau epochs      : [NaN NaN]
N-step horizon : 20
Train obj MSE  : 0.207674
Train series RMSE : 26.1804
Val   RMSE      : 28.864
Train Fit (%)   : 55.34
Val   Fit (%)   : 48.52

MSE history (per hidden unit added): [0.226766532105636 0.199326904944871]
Regressors.u : [1 2 3 4]
Regressors.y : [1 2 3 4]
Norm method  : ZScore
Activation   : diff
Target MSE   : 0.0005
Plateau min delta  : 0
Moving avg window  : 20

Saved figure files:
 - fitTr55p3_fitVa48p5_20260319_000258_train_fit.png
 - fitTr55p3_fitVa48p5_20260319_000258_val_fit.png
 - fitTr55p3_fitVa48p5_20260319_000258_loss_fit.png
 - fitTr55p3_fitVa48p5_20260319_000258_candidatecorr_fit.png
 - fitTr55p3_fitVa48p5_20260319_000258_losshistory_fit.png
