CCNN Parameter Log
Created      : 2026-02-18 13:46:55
Script       : CCNN_Npred_Plateau.m
Run folder   : eta0p01-0p1_ep100-100_hid1_reg4_20260218_134655

eta_out=0.0100 | eta_cand=0.1000 | output_epochs=32/100 | hidden=1/15 | regressors=4 | cand_runs=2
Output plateau epoch : 32
Candidate epochs (per unit)  : [34 46]
Candidate plateau epochs      : [34 46]
N-step horizon : 20
Train MSE       : 0.00495864
Train Fit (%)   : 79.18
Val   Fit (%)   : 74.50

Regressors.u : [0 1]
Regressors.y : [1 2]
Norm method  : Zscore
Activation   : tanh
Target MSE   : 5e-05
Plateau min delta : 0.0001
Plateau patience  : 30

Saved figure files:
 - eta0p01-0p1_ep100-100_hid1_reg4_20260218_134655_train_fit.png
 - eta0p01-0p1_ep100-100_hid1_reg4_20260218_134655_val_fit.png
