CCNN Parameter Log
Created      : 2026-03-03 14:46:47
Script       : Npred_MiniBatch_Adam_maxCandidate.m
Run folder   : fitTr87p4_fitVa86p9_20260303_144647

eta_out=0.0050 | eta_cand=0.0030 | output_epochs=10/10 | hidden=2/2 | regressors=8 | cand_runs=2
Output plateau epoch : none
Output stopped by moving-avg : 0
Candidate epochs (per unit)  : [300 300]
Candidate plateau epochs      : [NaN NaN]
N-step horizon : 1
Train obj MSE  : 0.0158143
Train series RMSE : 0.105395
Val   RMSE      : 0.106991
Train Fit (%)   : 87.42
Val   Fit (%)   : 86.94

MSE history (per hidden unit added): [0.0676786124320853 0.0221732515111343 0.015814262744616]
Regressors.u : [1 2 3 4]
Regressors.y : [1 2 3 4]
Norm method  : ZScore
Activation   : tanh
Target MSE   : 0.0005
Plateau min delta  : 0
Moving avg window  : 20

Saved figure files:
 - fitTr87p4_fitVa86p9_20260303_144647_train_fit.png
 - fitTr87p4_fitVa86p9_20260303_144647_val_fit.png
 - fitTr87p4_fitVa86p9_20260303_144647_loss_fit.png
