CCNN Parameter Log
Created      : 2026-02-18 16:07:27
Script       : Npred_MiniBatch_Adam.m
Run folder   : eta0p008-0p05_ep100-100_hid0_reg2_20260218_160727

eta_out=0.0080 | eta_cand=0.0500 | output_epochs=15/100 | hidden=0/15 | regressors=2 | cand_runs=1
Output plateau epoch : 15
Candidate epochs (per unit)  : 24
Candidate plateau epochs      : 24
N-step horizon : 20
Train obj RMSE  : 0.0711871
Train series RMSE : 0.0363709
Val   RMSE      : 0.0557249
Train Fit (%)   : 78.02
Val   Fit (%)   : 71.70

Regressors.u : 0
Regressors.y : 1
Norm method  : ZScore
Activation   : sigmoid
Target MSE   : 0.005
Plateau min delta : 0.0001
Plateau patience  : 10

Saved figure files:
 - eta0p008-0p05_ep100-100_hid0_reg2_20260218_160727_train_fit.png
 - eta0p008-0p05_ep100-100_hid0_reg2_20260218_160727_val_fit.png
