Data source : twotankdata
CCNN Parameter Log
Created      : 2026-04-15 16:54:11
Script       : writeParameterLog.m
Run folder   : fitTr78_fitVa77

eta_out=0.0050 | eta_cand=0.0030 | output_epochs=120/20 | hidden=4/15 | regressors=2 | cand_runs=5
Output plateau epoch : 120
Candidate epochs (per unit)  : [21 21 22 59 29]
Candidate plateau epochs      : [21 21 22 59 29]
Data source   : twotankdata
Twotank sampling time : 0.2
Twotank warmup samples : 20
Twotank filter cutoff  : 0.066902
N-step horizon : 20
Train obj MSE  : 0.0582458
Train series RMSE : 0.0371141
Val   RMSE      : 0.0448331
Train Fit (%)   : 77.57
Val   Fit (%)   : 77.23

MSE history (per hidden unit added): [0.0510517768750707 0.0466629309894473 0.0379925204691014 0.0615661267483299 0.0502961487476273]
Regressors.u : 1
Regressors.y : 1
Norm method  : zscore
Activation   : diff-tanh
Diff clip lower : -10
Diff clip upper : 10
Sim loss eval interval : 20
Sim loss min blocks : 3
Output max epochs : 1000
Target MSE   : 0.0005
Plateau min delta  : 0
Moving avg window  : 20

Saved figure files:
 - fitTr78_fitVa77_20260415_165411_train_fit.png
 - fitTr78_fitVa77_20260415_165411_val_fit.png
 - fitTr78_fitVa77_20260415_165411_loss_fit.png
 - fitTr78_fitVa77_20260415_165411_candidatecorr_fit.png
 - fitTr78_fitVa77_20260415_165411_losshistory_fit.png
