CCNN Parameter Log
Created      : 2026-03-24 17:54:41
Script       : writeParameterLog.m
Run folder   : fitTr52p4_fitVa47p2_20260324_175441

eta_out=0.0025 | eta_cand=0.3000 | output_epochs=21/100 | hidden=1/10 | regressors=2 | cand_runs=2
Output plateau epoch : 21
Output stopped by moving-avg : 1
Candidate epochs (per unit)  : [100 25]
Candidate plateau epochs      : [NaN 25]
N-step horizon : 20
Train obj MSE  : 0.231191
Train series RMSE : 27.9052
Val   RMSE      : 29.6202
Train Fit (%)   : 52.39
Val   Fit (%)   : 47.17

MSE history (per hidden unit added): [0.232227138349652 0.226455805303662]
Regressors.u : 1
Regressors.y : 1
Norm method  : zscore
Activation   : diff-tanh
Target MSE   : 0.0005
Plateau min delta  : 0
Moving avg window  : 20

Saved figure files:
 - fitTr52p4_fitVa47p2_20260324_175441_train_fit.png
 - fitTr52p4_fitVa47p2_20260324_175441_val_fit.png
 - fitTr52p4_fitVa47p2_20260324_175441_loss_fit.png
 - fitTr52p4_fitVa47p2_20260324_175441_candidatecorr_fit.png
 - fitTr52p4_fitVa47p2_20260324_175441_losshistory_fit.png
