CCNN Parameter Log
Created      : 2026-03-29 15:43:03
Script       : writeParameterLog.m
Run folder   : fitTr52p8_fitVa49p1_20260329_154303

eta_out=0.0050 | eta_cand=0.0000 | output_epochs=100/100 | hidden=0/5 | regressors=6 | cand_runs=1
Output plateau epoch : none
Output stopped by moving-avg : 0
Candidate epochs (per unit)  : 300
Candidate plateau epochs      : NaN
N-step horizon : 20
Train obj MSE  : 0.255272
Train series RMSE : 27.6533
Val   RMSE      : 28.5412
Train Fit (%)   : 52.82
Val   Fit (%)   : 49.10

MSE history (per hidden unit added): 0.222385888172003
Regressors.u : [1 2 3]
Regressors.y : [1 2 3]
Norm method  : zscore
Activation   : diff-tanh
Target MSE   : 0.0005
Plateau min delta  : 0
Moving avg window  : 20

Saved figure files:
 - fitTr52p8_fitVa49p1_20260329_154303_train_fit.png
 - fitTr52p8_fitVa49p1_20260329_154303_val_fit.png
 - fitTr52p8_fitVa49p1_20260329_154303_loss_fit.png
 - fitTr52p8_fitVa49p1_20260329_154303_candidatecorr_fit.png
 - fitTr52p8_fitVa49p1_20260329_154303_losshistory_fit.png
