Data source : twotankdata
CCNN Parameter Log
Created      : 2026-04-15 16:39:40
Script       : writeParameterLog.m
Run folder   : fitTr77_fitVa70

eta_out=0.0050 | eta_cand=0.0030 | output_epochs=60/20 | hidden=0/15 | regressors=2 | cand_runs=4
Output plateau epoch : 60
Candidate epochs (per unit)  : [300 300 300 300]
Candidate plateau epochs      : [NaN NaN NaN NaN]
Data source   : twotankdata
Twotank sampling time : 0.2
Twotank warmup samples : 20
Twotank filter cutoff  : 0.066902
N-step horizon : 20
Train obj MSE  : 0.0510518
Train series RMSE : 0.0373919
Val   RMSE      : 0.0600297
Train Fit (%)   : 77.40
Val   Fit (%)   : 69.52

MSE history (per hidden unit added): 0.0510517768750707
Regressors.u : 1
Regressors.y : 1
Norm method  : zscore
Activation   : tanh
Diff clip lower : -10
Diff clip upper : 10
Sim loss eval interval : 20
Sim loss min blocks : 3
Output max epochs : 1000
Target MSE   : 0.0005
Plateau min delta  : 0
Moving avg window  : 20

Saved figure files:
 - fitTr77_fitVa70_20260415_163940_train_fit.png
 - fitTr77_fitVa70_20260415_163940_val_fit.png
 - fitTr77_fitVa70_20260415_163940_loss_fit.png
 - fitTr77_fitVa70_20260415_163940_candidatecorr_fit.png
 - fitTr77_fitVa70_20260415_163940_losshistory_fit.png
