CCNN Parameter Log
Created      : 2026-02-24 15:47:50
Script       : Npred_MiniBatch_Adam_maxCandidate.m
Run folder   : fitTr76p8_fitVa81p6_20260224_154750

eta_out=0.0080 | eta_cand=0.0500 | output_epochs=22/100 | hidden=3/10 | regressors=4 | cand_runs=4
Output plateau epoch : 22
Output stopped by moving-avg : 1
Candidate epochs (per unit)  : [59 41 100 55]
Candidate plateau epochs      : [59 41 NaN 55]
N-step horizon : 20
Train obj RMSE  : 0.0732936
Train series RMSE : 0.0384234
Val   RMSE      : 0.0363163
Train Fit (%)   : 76.78
Val   Fit (%)   : 81.56

MSE history (per hidden unit added): [0.0780162202042331 0.0704331023736089 0.066804178397676 0.0630779015027353]
Regressors.u : [0 1]
Regressors.y : [1 2]
Norm method  : ZScore
Activation   : tanh
Target MSE   : 5e-05
Plateau min delta  : 0
Moving avg window  : 20

Saved figure files:
 - fitTr76p8_fitVa81p6_20260224_154750_train_fit.png
 - fitTr76p8_fitVa81p6_20260224_154750_val_fit.png
 - fitTr76p8_fitVa81p6_20260224_154750_loss_fit.png
