Data source : robotarmdata
CCNN Parameter Log
Created      : 2026-05-21 16:01:33
Script       : writeParameterLog.m
Run folder   : fitTr44_fitVa48_reg6_diff

eta_out=0.0005 | eta_cand=0.0005 | output_epochs=100/20 | hidden=0/15 | regressors=6 | cand_runs=8
Hidden added : 0
Hidden max   : 15
Output plateau epoch : 100
Candidate epochs (per unit)  : [117 30 66 47 70 37 61 66]
Candidate plateau epochs      : [117 30 66 47 70 37 61 66]
Data source   : robotarmdata
Robot arm original sampling time : 0.0005
Robot arm sampling time : 0.005
Robot arm downsample factor : 10
Robot arm validation experiment : 3
N-step horizon : 20
Train obj MSE  : 0.31522
Val   obj MSE  : 0.342274
Train series RMSE : 11.6913
Val   RMSE      : 12.1827
Train Fit (%)   : 43.86
Val   Fit (%)   : 48.18

Hidden units per stage : [0 1 2 3 4 5 6 7]
Train obj MSE history  : [0.315219722458855 0.357028454984018 0.30375302698088 0.216425298341837 0.185741874668776 0.165101532056554 0.142660251892279 0.118119063484048]
Val   obj MSE history  : [0.342273761712664 0.429466128814052 0.458176631772592 0.549304351601645 0.559132864402787 0.540179359429203 0.514768153934017 0.553020701739334]
Train RMSE history     : [11.6913065238718 12.4425034876481 11.4766903216634 9.68746994895896 8.97452079349322 8.46119896371975 7.86516520280821 7.1567583496961]
Val   RMSE history     : [12.1826890610189 13.6464853920149 14.0952513103786 15.4334448952636 15.5709053842894 15.3047185923736 14.9403988511592 15.48556481768]
Train Fit history (%)  : [43.8555681028016 40.2481417909512 44.8862061007295 53.4784674668368 56.9022187151238 59.367312112018 62.2296078554065 65.6315458884956]
Val   Fit history (%)  : [48.18111123592 41.9548750684181 40.0460558341484 34.3540691001322 33.7693829315364 34.9016045364435 36.4512331980624 34.1323777766027]
Best validation stage  : #1 (hidden=0)
Best validation metric : validation fit = 48.1811
Final model note : selected from an earlier validation stage, not the last hidden-added stage.
MSE history (final selected prefix): 0.315219722458855
Regressors.u : [1 2 3]
Regressors.y : [1 2 3]
Norm method  : zscore
Activation   : diff
Activation clipping : 1
Tustin sample time : 0.005
Diff clip lower : -50
Diff clip upper : 50
Sim loss eval interval : 20
Sim loss min blocks : 3
Output max epochs : 1000
Target MSE   : 0.0005
Plateau min delta  : 0
Moving avg window  : 20
Hidden bootstrap count : 4
Hidden acceptance window : 3

Saved figure files:
 - Train_reg6_diff.png
 - Val_reg6_diff.png
 - LossFinal_reg6_diff.png
 - LossBeforeRevert_reg6_diff.png
 - CandidateCorr_reg6_diff.png
 - LossHistory_reg6_diff.png
