CCNN Parameter Log
Created      : 2026-03-09 14:47:11
Script       : writeParameterLog.m
Run folder   : fitTr85p5_fitVa84p2_20260309_144711

eta_out=0.0000 | eta_cand=0.0030 | output_epochs=5/5 | hidden=3/10 | regressors=8 | cand_runs=4
Output plateau epoch : none
Output stopped by moving-avg : 0
Candidate epochs (per unit)  : [5 5 5 5]
Candidate plateau epochs      : [NaN NaN NaN NaN]
N-step horizon : 20
Train obj MSE  : 0.0211173
Train series RMSE : 0.12194
Val   RMSE      : 0.129345
Train Fit (%)   : 85.45
Val   Fit (%)   : 84.21

MSE history (per hidden unit added): [0.122238518788448 0.0250568622246907 0.0217187995844287 0.0211690600041494]
Regressors.u : [1 2 3 4]
Regressors.y : [1 2 3 4]
Norm method  : ZScore
Activation   : tanh
Target MSE   : 0.0005
Plateau min delta  : 0
Moving avg window  : 20

Saved figure files:
 - fitTr85p5_fitVa84p2_20260309_144711_train_fit.png
 - fitTr85p5_fitVa84p2_20260309_144711_val_fit.png
 - fitTr85p5_fitVa84p2_20260309_144711_loss_fit.png
 - fitTr85p5_fitVa84p2_20260309_144711_candidatecorr_fit.png
 - fitTr85p5_fitVa84p2_20260309_144711_losshistory_fit.png
