CCNN Parameter Log
Created      : 2026-03-19 13:30:07
Script       : writeParameterLog.m
Run folder   : fitTrNaN_fitVaNaN_20260319_133007

eta_out=0.0000 | eta_cand=0.0030 | output_epochs=100/100 | hidden=5/5 | regressors=8 | cand_runs=5
Output plateau epoch : none
Output stopped by moving-avg : 0
Candidate epochs (per unit)  : [100 100 100 100 100]
Candidate plateau epochs      : [NaN NaN NaN NaN NaN]
N-step horizon : 20
Train obj MSE  : NaN
Train series RMSE : NaN
Val   RMSE      : NaN
Train Fit (%)   : NaN
Val   Fit (%)   : NaN

MSE history (per hidden unit added): [0.226766532105636 0.199326904944871 0.207673895630992 0.201142994177817 0.221646436555766 NaN]
Regressors.u : [1 2 3 4]
Regressors.y : [1 2 3 4]
Norm method  : ZScore
Activation   : diff
Target MSE   : 0.0005
Plateau min delta  : 0
Moving avg window  : 20

Saved figure files:
 - fitTrNaN_fitVaNaN_20260319_133007_train_fit.png
 - fitTrNaN_fitVaNaN_20260319_133007_val_fit.png
 - fitTrNaN_fitVaNaN_20260319_133007_loss_fit.png
 - fitTrNaN_fitVaNaN_20260319_133007_candidatecorr_fit.png
 - fitTrNaN_fitVaNaN_20260319_133007_losshistory_fit.png
