Data source : mrDamper
CCNN Parameter Log
Created      : 2026-05-18 18:50:27
Script       : writeParameterLog.m
Run folder   : fitTr83_fitVa80

eta_out=0.0005 | eta_cand=0.0005 | output_epochs=240/20 | hidden=15/15 | regressors=6 | cand_runs=15
Hidden added : 15
Hidden max   : 15
Output plateau epoch : 240
Candidate epochs (per unit)  : [21 25 24 24 21 21 21 21 21 21 300 21 21 21 300]
Candidate plateau epochs      : [21 25 24 24 21 21 21 21 21 21 NaN 21 21 21 NaN]
Data source   : mrDamper
N-step horizon : 20
Train obj MSE  : 0.0302017
Val   obj MSE  : 0.0354258
Train series RMSE : 10.1908
Val   RMSE      : 11.0371
Train Fit (%)   : 82.61
Val   Fit (%)   : 80.32

Hidden units per stage : [0 1 2 3 4 5 6 7 8 9 10 11 12 13 14 15]
Train obj MSE history  : [0.23436876961166 0.23401425847767 0.233665571996679 0.228866516957714 0.226699860243555 0.226010816581966 0.225634363933665 0.225485710968327 0.224541708438229 0.223311442227164 0.2222223676677 0.0526953491138427 0.0524926095840602 0.0519662093458258 0.0522529105175936 0.0302016852417142]
Val   obj MSE history  : [0.257518114307826 0.253979408279674 0.250261844623086 0.240363373326405 0.239294236897844 0.238945851442373 0.238659012548469 0.23817728156637 0.237700286178441 0.237422831438071 0.237722463601166 0.087303270908456 0.0872297039142129 0.0868834992300316 0.0871470723665618 0.0354258329536804]
Train RMSE history     : [28.3885450006756 28.3670663199757 28.345924659901 28.0533283077183 27.9202234917281 27.8777600916445 27.854533260077 27.845356153564 27.7870073203807 27.7107801224849 27.6431257499464 13.4610645614577 13.4351446275809 13.3676105198164 13.4044348151082 10.1908134756584]
Val   RMSE history     : [29.7575488985352 29.5523837526821 29.3353034370855 28.7493089083958 28.6852991786149 28.6644102905937 28.6472002476309 28.6182735904827 28.5896024555828 28.5729120322166 28.5909361285897 17.3264073978503 17.3191057221067 17.2847027813205 17.3109006983433 11.0370573539606]
Train Fit history (%)  : [51.56926435391 51.6059068907847 51.6419744719224 52.141142590022 52.3682188334959 52.4406612113647 52.480286086099 52.4959421903311 52.5954850487302 52.7255283204175 52.8409463889249 77.0354817664874 77.0797010621759 77.1949139594963 77.1320918701433 82.614516050524]
Val   Fit history (%)  : [46.926453555788 47.292372198291 47.6795419296161 48.7246820364345 48.8388454501615 48.8761014544226 48.906796120089 48.9583877443476 49.0095236364503 49.0392915438382 49.0071449877076 69.0977946175395 69.1108173912908 69.1721761437155 69.1254513153168 80.3150528936308]
Best validation stage  : #16 (hidden=15)
Best validation metric : validation fit = 80.3151
MSE history (final selected prefix): [0.23436876961166 0.23401425847767 0.233665571996679 0.228866516957714 0.226699860243555 0.226010816581966 0.225634363933665 0.225485710968327 0.224541708438229 0.223311442227164 0.2222223676677 0.0526953491138427 0.0524926095840602 0.0519662093458258 0.0522529105175936 0.0302016852417142]
Regressors.u : [1 2 3]
Regressors.y : [1 2 3]
Norm method  : zscore
Activation   : tanh
Activation clipping : 1
Tustin sample time : 1
Diff clip lower : -50
Diff clip upper : 50
Sim loss eval interval : 20
Sim loss min blocks : 3
Output max epochs : 1000
Target MSE   : 0.0005
Plateau min delta  : 0
Moving avg window  : 20
Hidden bootstrap count : 4
Hidden acceptance window : 3

Saved figure files:
 - Train.png
 - Val.png
 - LossFinal.png
 - LossBeforeRevert.png
 - CandidateCorr.png
 - LossHistory.png
