CCNN Parameter Log
Created      : 2026-03-03 16:08:56
Script       : Npred_MiniBatch_Adam_maxCandidate.m
Run folder   : fitTr87p0_fitVa85p6_20260303_160856

eta_out=0.0050 | eta_cand=0.0030 | output_epochs=25/50 | hidden=1/10 | regressors=8 | cand_runs=2
Output plateau epoch : 25
Output stopped by moving-avg : 1
Candidate epochs (per unit)  : [50 50]
Candidate plateau epochs      : [NaN NaN]
N-step horizon : 20
Train obj MSE  : 0.0249287
Train series RMSE : 0.108978
Val   RMSE      : 0.117735
Train Fit (%)   : 87.00
Val   Fit (%)   : 85.63

MSE history (per hidden unit added): [0.0214757209397282 0.0169078152554371]
Regressors.u : [1 2 3 4]
Regressors.y : [1 2 3 4]
Norm method  : ZScore
Activation   : tanh
Target MSE   : 0.0005
Plateau min delta  : 0
Moving avg window  : 20

Saved figure files:
 - fitTr87p0_fitVa85p6_20260303_160856_train_fit.png
 - fitTr87p0_fitVa85p6_20260303_160856_val_fit.png
 - fitTr87p0_fitVa85p6_20260303_160856_loss_fit.png
