CCNN Parameter Log
Created      : 2026-03-19 14:15:08
Script       : writeParameterLog.m
Run folder   : fitTr52p4_fitVa48p4_20260319_141508

eta_out=0.0005 | eta_cand=0.0030 | output_epochs=100/100 | hidden=0/5 | regressors=8 | cand_runs=1
Output plateau epoch : none
Output stopped by moving-avg : 0
Candidate epochs (per unit)  : 100
Candidate plateau epochs      : NaN
N-step horizon : 20
Train obj MSE  : 0.230358
Train series RMSE : 27.9243
Val   RMSE      : 28.924
Train Fit (%)   : 52.36
Val   Fit (%)   : 48.41

MSE history (per hidden unit added): 0.226766532105636
Regressors.u : [1 2 3 4]
Regressors.y : [1 2 3 4]
Norm method  : ZScore
Activation   : diff
Target MSE   : 0.0005
Plateau min delta  : 0
Moving avg window  : 20

Saved figure files:
 - fitTr52p4_fitVa48p4_20260319_141508_train_fit.png
 - fitTr52p4_fitVa48p4_20260319_141508_val_fit.png
 - fitTr52p4_fitVa48p4_20260319_141508_loss_fit.png
 - fitTr52p4_fitVa48p4_20260319_141508_candidatecorr_fit.png
 - fitTr52p4_fitVa48p4_20260319_141508_losshistory_fit.png
