CCNN Parameter Log
Created      : 2026-03-08 16:32:51
Script       : writeParameterLog.m
Run folder   : fitTr84p4_fitVa83p6_20260308_163251

eta_out=0.0001 | eta_cand=0.0030 | output_epochs=10/10 | hidden=2/10 | regressors=8 | cand_runs=3
Output plateau epoch : none
Output stopped by moving-avg : 0
Candidate epochs (per unit)  : [10 10 10]
Candidate plateau epochs      : [NaN NaN NaN]
N-step horizon : 20
Train obj MSE  : 0.0244779
Train series RMSE : 0.130886
Val   RMSE      : 0.134097
Train Fit (%)   : 84.38
Val   Fit (%)   : 83.63

MSE history (per hidden unit added): [0.0630053397486514 0.0325498891883472 0.0243888809891885]
Regressors.u : [1 2 3 4]
Regressors.y : [1 2 3 4]
Norm method  : ZScore
Activation   : tanh
Target MSE   : 0.0005
Plateau min delta  : 0
Moving avg window  : 50

Saved figure files:
 - fitTr84p4_fitVa83p6_20260308_163251_train_fit.png
 - fitTr84p4_fitVa83p6_20260308_163251_val_fit.png
 - fitTr84p4_fitVa83p6_20260308_163251_loss_fit.png
