CCNN Parameter Log
Created      : 2026-03-23 18:35:55
Script       : writeParameterLog.m
Run folder   : fitTr52p9_fitVa49p0_20260323_183555

eta_out=0.0003 | eta_cand=0.0030 | output_epochs=21/100 | hidden=1/10 | regressors=2 | cand_runs=2
Output plateau epoch : 21
Output stopped by moving-avg : 1
Candidate epochs (per unit)  : [100 100]
Candidate plateau epochs      : [NaN NaN]
N-step horizon : 20
Train obj MSE  : 0.227123
Train series RMSE : 27.5984
Val   RMSE      : 28.6005
Train Fit (%)   : 52.92
Val   Fit (%)   : 48.99

MSE history (per hidden unit added): [0.232453931688969 0.221504562322629]
Regressors.u : 1
Regressors.y : 1
Norm method  : ZScore
Activation   : diff
Target MSE   : 0.0005
Plateau min delta  : 0
Moving avg window  : 20

Saved figure files:
 - fitTr52p9_fitVa49p0_20260323_183555_train_fit.png
 - fitTr52p9_fitVa49p0_20260323_183555_val_fit.png
 - fitTr52p9_fitVa49p0_20260323_183555_loss_fit.png
 - fitTr52p9_fitVa49p0_20260323_183555_candidatecorr_fit.png
 - fitTr52p9_fitVa49p0_20260323_183555_losshistory_fit.png
