CCNN Parameter Log
Created      : 2026-03-29 15:34:28
Script       : writeParameterLog.m
Run folder   : fitTr54p1_fitVa49p4_20260329_153428

eta_out=0.0050 | eta_cand=0.0000 | output_epochs=24/100 | hidden=1/5 | regressors=6 | cand_runs=2
Output plateau epoch : 24
Output stopped by moving-avg : 1
Candidate epochs (per unit)  : [136 21]
Candidate plateau epochs      : [136 21]
N-step horizon : 20
Train obj MSE  : 0.252579
Train series RMSE : 26.9001
Val   RMSE      : 28.3749
Train Fit (%)   : 54.11
Val   Fit (%)   : 49.39

MSE history (per hidden unit added): [0.256522148621402 0.210436978452964]
Regressors.u : [1 2 3]
Regressors.y : [1 2 3]
Norm method  : zscore
Activation   : diff-tanh
Target MSE   : 0.0005
Plateau min delta  : 0
Moving avg window  : 20

Saved figure files:
 - fitTr54p1_fitVa49p4_20260329_153428_train_fit.png
 - fitTr54p1_fitVa49p4_20260329_153428_val_fit.png
 - fitTr54p1_fitVa49p4_20260329_153428_loss_fit.png
 - fitTr54p1_fitVa49p4_20260329_153428_candidatecorr_fit.png
 - fitTr54p1_fitVa49p4_20260329_153428_losshistory_fit.png
