CCNN Parameter Log
Created      : 2026-02-28 21:29:56
Script       : Npred_MiniBatch_Adam_maxCandidate.m
Run folder   : fitTr79p5_fitVa76p4_20260228_212956

eta_out=0.0080 | eta_cand=0.0050 | output_epochs=100/100 | hidden=5/5 | regressors=2 | cand_runs=5
Output plateau epoch : none
Output stopped by moving-avg : 0
Candidate epochs (per unit)  : [100 100 100 100 100]
Candidate plateau epochs      : [NaN NaN NaN NaN NaN]
N-step horizon : 20
Train obj MSE  : 0.00422604
Train series RMSE : 0.0339858
Val   RMSE      : 0.0464852
Train Fit (%)   : 79.46
Val   Fit (%)   : 76.39

MSE history (per hidden unit added): [0.00562409551155389 0.00658275710241577 0.00509630115986386 0.00489603237880929 0.00426958367750387 0.00422604430444]
Regressors.u : 0
Regressors.y : 1
Norm method  : ZScore
Activation   : tanh
Target MSE   : 0.001
Plateau min delta  : 0
Moving avg window  : 20

Saved figure files:
 - fitTr79p5_fitVa76p4_20260228_212956_train_fit.png
 - fitTr79p5_fitVa76p4_20260228_212956_val_fit.png
 - fitTr79p5_fitVa76p4_20260228_212956_loss_fit.png
