CCNN Parameter Log
Created      : 2026-03-18 23:37:35
Script       : writeParameterLog.m
Run folder   : fitTr86p2_fitVa83p3_20260318_233735

eta_out=0.0000 | eta_cand=0.0030 | output_epochs=100/100 | hidden=4/10 | regressors=2 | cand_runs=5
Output plateau epoch : none
Output stopped by moving-avg : 0
Candidate epochs (per unit)  : [100 100 100 100 100]
Candidate plateau epochs      : [NaN NaN NaN NaN NaN]
N-step horizon : 20
Train obj MSE  : 0.0266529
Train series RMSE : 0.115414
Val   RMSE      : 0.136489
Train Fit (%)   : 86.23
Val   Fit (%)   : 83.34

MSE history (per hidden unit added): [0.362903673680235 0.24665551663496 0.0476595026840184 0.0195105835375864 0.0189636374455132]
Regressors.u : 1
Regressors.y : 1
Norm method  : zscore
Activation   : diff
Target MSE   : 0.0005
Plateau min delta  : 0
Moving avg window  : 20

Saved figure files:
 - fitTr86p2_fitVa83p3_20260318_233735_train_fit.png
 - fitTr86p2_fitVa83p3_20260318_233735_val_fit.png
 - fitTr86p2_fitVa83p3_20260318_233735_loss_fit.png
 - fitTr86p2_fitVa83p3_20260318_233735_candidatecorr_fit.png
 - fitTr86p2_fitVa83p3_20260318_233735_losshistory_fit.png
