CCNN Parameter Log
Created      : 2026-03-03 15:48:00
Script       : Npred_MiniBatch_Adam_maxCandidate.m
Run folder   : fitTr86p2_fitVa85p1_20260303_154800

eta_out=0.0050 | eta_cand=0.0030 | output_epochs=5/5 | hidden=2/10 | regressors=8 | cand_runs=3
Output plateau epoch : none
Output stopped by moving-avg : 0
Candidate epochs (per unit)  : [5 5 5]
Candidate plateau epochs      : [NaN NaN NaN]
N-step horizon : 20
Train obj MSE  : 0.0232421
Train series RMSE : 0.11597
Val   RMSE      : 0.121729
Train Fit (%)   : 86.16
Val   Fit (%)   : 85.14

MSE history (per hidden unit added): [0.122238518788448 0.0409637432355954 0.0191470013455748]
Regressors.u : [1 2 3 4]
Regressors.y : [1 2 3 4]
Norm method  : ZScore
Activation   : tanh
Target MSE   : 0.0005
Plateau min delta  : 0
Moving avg window  : 20

Saved figure files:
 - fitTr86p2_fitVa85p1_20260303_154800_train_fit.png
 - fitTr86p2_fitVa85p1_20260303_154800_val_fit.png
 - fitTr86p2_fitVa85p1_20260303_154800_loss_fit.png
