CCNN Parameter Log
Created      : 2026-03-02 17:13:04
Script       : Npred_MiniBatch_Adam_maxCandidate.m
Run folder   : fitTr60p0_fitVa62p5_20260302_171304

eta_out=0.0080 | eta_cand=0.0050 | output_epochs=15/15 | hidden=0/15 | regressors=2 | cand_runs=1
Output plateau epoch : none
Output stopped by moving-avg : 0
Candidate epochs (per unit)  : 15
Candidate plateau epochs      : NaN
N-step horizon : 20
Train obj MSE  : 0.00565626
Train series RMSE : 0.0661432
Val   RMSE      : 0.0738501
Train Fit (%)   : 60.03
Val   Fit (%)   : 62.50

MSE history (per hidden unit added): 0.00515174952177943
Regressors.u : 0
Regressors.y : 1
Norm method  : ZScore
Activation   : tanh
Target MSE   : 0.001
Plateau min delta  : 0
Moving avg window  : 20

Saved figure files:
 - fitTr60p0_fitVa62p5_20260302_171304_train_fit.png
 - fitTr60p0_fitVa62p5_20260302_171304_val_fit.png
 - fitTr60p0_fitVa62p5_20260302_171304_loss_fit.png
