CCNN Parameter Log
Created      : 2026-03-02 18:20:14
Script       : Npred_MiniBatch_Adam_maxCandidate.m
Run folder   : fitTr86p5_fitVa85p6_20260302_182014

eta_out=0.0050 | eta_cand=0.0030 | output_epochs=50/50 | hidden=2/20 | regressors=8 | cand_runs=3
Output plateau epoch : none
Output stopped by moving-avg : 0
Candidate epochs (per unit)  : [150 150 150]
Candidate plateau epochs      : [NaN NaN NaN]
N-step horizon : 20
Train obj MSE  : 0.0550855
Train series RMSE : 0.11305
Val   RMSE      : 0.118
Train Fit (%)   : 86.51
Val   Fit (%)   : 85.60

MSE history (per hidden unit added): [0.0608820578824534 0.0569156751114472 0.0530296813139307]
Regressors.u : [1 2 3 4]
Regressors.y : [1 2 3 4]
Norm method  : ZScore
Activation   : tanh
Target MSE   : 0.0005
Plateau min delta  : 0
Moving avg window  : 20

Saved figure files:
 - fitTr86p5_fitVa85p6_20260302_182014_train_fit.png
 - fitTr86p5_fitVa85p6_20260302_182014_val_fit.png
 - fitTr86p5_fitVa85p6_20260302_182014_loss_fit.png
