Data source : mrDamper
CCNN Parameter Log
Created      : 2026-05-17 21:07:06
Script       : writeParameterLog.m
Run folder   : fitTr68_fitVa68

eta_out=0.0005 | eta_cand=0.0005 | output_epochs=60/20 | hidden=14/15 | regressors=4 | cand_runs=15
Output plateau epoch : 60
Candidate epochs (per unit)  : [45 300 295 91 201 44 61 64 118 96 155 61 51 61 89]
Candidate plateau epochs      : [45 NaN 295 91 201 44 61 64 118 96 155 61 51 61 89]
Data source   : mrDamper
N-step horizon : 20
Train obj MSE  : 0.101486
Val   obj MSE  : 0.0931383
Train series RMSE : 18.6808
Val   RMSE      : 17.8961
Train Fit (%)   : 68.13
Val   Fit (%)   : 68.08

Hidden units per stage : [0 1 2 3 4 5 6 7 8 9 10 11 12 13 14 15]
Train obj MSE history  : [0.232604023166798 0.233223657380412 0.231012598550905 0.226975316059767 0.225674928410095 0.22259335557406 0.206073758092177 0.209618938767387 0.166886477244904 0.142196640349678 0.121245049778595 0.108624978258794 0.107557330317203 0.0962202197348795 0.101485653763604 0.0981283704124244]
Val   obj MSE history  : [0.262008330360043 0.259801962385407 0.257180523903888 0.249328108819534 0.246490490502723 0.240872936621801 0.227248839239714 0.229977596039574 0.168211272347085 0.159873774237243 0.170523968017985 0.10389456549146 0.133994763704513 0.13430160970603 0.093138341239239 0.104756546598674]
Train RMSE history     : [28.2814632239994 28.3191076869895 28.1845494561998 27.9371808316059 27.857036987256 27.6661904595767 26.6197890625121 26.8477888230403 23.9554226627041 22.1125043784334 20.418567598185 19.3267182487829 19.2315049565239 18.18973769308 18.6808051700831 18.3692133155302]
Val   RMSE history     : [30.0158615816001 29.8892128451362 29.7380373439466 29.280526768002 29.1134282430523 28.779766620042 27.9540090178507 28.1213411577235 24.0503173880206 23.4467081700708 24.2150839553423 18.9012131500971 21.4653106344047 21.4898741997883 17.8960635651076 18.9794599505434]
Train Fit history (%)  : [51.7519454042631 51.6877241123452 51.9172798752146 52.3392896846133 52.4760147383024 52.8015980935181 54.5867543753821 54.1977877647563 59.1321519915809 62.2761626564719 65.1660115164063 67.0287018094449 67.1911352764394 68.9683857462822 68.1306267430447 68.6622011064706]
Val   Fit history (%)  : [46.465744569691 46.6916266683724 46.9612530415315 47.7772378823499 48.0752634809943 48.6703597271895 50.1431249942816 49.8446827359012 57.1054846874843 58.1820411596671 56.8116182103421 66.2890778607437 61.7159274515855 61.6721175419499 68.0817945043161 66.1495221731514]
Best validation stage  : #15 (hidden=14)
Best validation metric : validation fit = 68.0818
Final model note : selected from an earlier validation stage, not the last hidden-added stage.
MSE history (final selected prefix): [0.232604023166798 0.233223657380412 0.231012598550905 0.226975316059767 0.225674928410095 0.22259335557406 0.206073758092177 0.209618938767387 0.166886477244904 0.142196640349678 0.121245049778595 0.108624978258794 0.107557330317203 0.0962202197348795 0.101485653763604]
Regressors.u : [1 2]
Regressors.y : [1 2]
Norm method  : zscore
Activation   : diff
Activation clipping : 1
Tustin sample time : 1
Diff clip lower : -50
Diff clip upper : 50
Sim loss eval interval : 20
Sim loss min blocks : 3
Output max epochs : 1000
Target MSE   : 0.0005
Plateau min delta  : 0
Moving avg window  : 20
Hidden bootstrap count : 4
Hidden acceptance window : 3

Saved figure files:
 - Train.png
 - Val.png
 - LossFinal.png
 - LossBeforeRevert.png
 - CandidateCorr.png
 - LossHistory.png
