CCNN Parameter Log
Created      : 2026-03-02 17:07:56
Script       : Npred_MiniBatch_Adam_maxCandidate.m
Run folder   : fitTr68p4_fitVa69p8_20260302_170756

eta_out=0.0080 | eta_cand=0.0050 | output_epochs=10/10 | hidden=0/3 | regressors=3 | cand_runs=1
Output plateau epoch : none
Output stopped by moving-avg : 0
Candidate epochs (per unit)  : 10
Candidate plateau epochs      : NaN
N-step horizon : 20
Train obj MSE  : 0.00622973
Train series RMSE : 0.0522413
Val   RMSE      : 0.0595055
Train Fit (%)   : 68.43
Val   Fit (%)   : 69.78

MSE history (per hidden unit added): 0.00533204094415851
Regressors.u : 0
Regressors.y : [1 2]
Norm method  : ZScore
Activation   : tanh
Target MSE   : 0.001
Plateau min delta  : 0
Moving avg window  : 20

Saved figure files:
 - fitTr68p4_fitVa69p8_20260302_170756_train_fit.png
 - fitTr68p4_fitVa69p8_20260302_170756_val_fit.png
 - fitTr68p4_fitVa69p8_20260302_170756_loss_fit.png
