CCNN Parameter Log
Created      : 2026-03-02 17:37:20
Script       : Npred_MiniBatch_Adam_maxCandidate.m
Run folder   : fitTr26p6_fitVa23p7_20260302_173720

eta_out=0.0080 | eta_cand=0.0050 | output_epochs=10/10 | hidden=1/15 | regressors=2 | cand_runs=2
Output plateau epoch : none
Output stopped by moving-avg : 0
Candidate epochs (per unit)  : [10 10]
Candidate plateau epochs      : [NaN NaN]
N-step horizon : 20
Train obj MSE  : 0.593069
Train series RMSE : 0.61482
Val   RMSE      : 0.62472
Train Fit (%)   : 26.64
Val   Fit (%)   : 23.74

MSE history (per hidden unit added): [0.552298701838557 0.529389480258959]
Regressors.u : 0
Regressors.y : 1
Norm method  : ZScore
Activation   : tanh
Target MSE   : 0.001
Plateau min delta  : 0
Moving avg window  : 20

Saved figure files:
 - fitTr26p6_fitVa23p7_20260302_173720_train_fit.png
 - fitTr26p6_fitVa23p7_20260302_173720_val_fit.png
 - fitTr26p6_fitVa23p7_20260302_173720_loss_fit.png
