CCNN Parameter Log
Created      : 2026-02-20 15:13:53
Script       : Npred_MiniBatch_Adam.m
Run folder   : eta0p008-0p05_ep100-100_hid5_reg2_20260220_151353

eta_out=0.0080 | eta_cand=0.0500 | output_epochs=44/100 | hidden=5/5 | regressors=2 | cand_runs=5
Output plateau epoch : 44
Candidate epochs (per unit)  : [69 100 100 40 100]
Candidate plateau epochs      : [69 NaN NaN 40 NaN]
N-step horizon : 20
Train obj RMSE  : 0.0775625
Train series RMSE : 0.0444288
Val   RMSE      : 0.0631944
Train Fit (%)   : 73.15
Val   Fit (%)   : 67.91

Regressors.u : 0
Regressors.y : 1
Norm method  : ZScore
Activation   : tanh
Target MSE   : 5e-05
Plateau min delta : 0
Plateau patience  : 20

Saved figure files:
 - eta0p008-0p05_ep100-100_hid5_reg2_20260220_151353_train_fit.png
 - eta0p008-0p05_ep100-100_hid5_reg2_20260220_151353_val_fit.png
