CCNN Parameter Log
Created      : 2026-03-09 17:38:38
Script       : writeParameterLog.m
Run folder   : fitTr88p8_fitVa88p3_20260309_173838

eta_out=0.0001 | eta_cand=0.0030 | output_epochs=100/100 | hidden=2/10 | regressors=8 | cand_runs=3
Output plateau epoch : none
Output stopped by moving-avg : 0
Candidate epochs (per unit)  : [100 100 100]
Candidate plateau epochs      : [NaN NaN NaN]
N-step horizon : 20
Train obj MSE  : 0.0126895
Train series RMSE : 0.0938071
Val   RMSE      : 0.0958117
Train Fit (%)   : 88.81
Val   Fit (%)   : 88.30

MSE history (per hidden unit added): [0.0218548730266823 0.0171916952223123 0.0125279368604652]
Regressors.u : [1 2 3 4]
Regressors.y : [1 2 3 4]
Norm method  : zscore
Activation   : diff
Target MSE   : 0.0005
Plateau min delta  : 0
Moving avg window  : 20

Saved figure files:
 - fitTr88p8_fitVa88p3_20260309_173838_train_fit.png
 - fitTr88p8_fitVa88p3_20260309_173838_val_fit.png
 - fitTr88p8_fitVa88p3_20260309_173838_loss_fit.png
 - fitTr88p8_fitVa88p3_20260309_173838_candidatecorr_fit.png
 - fitTr88p8_fitVa88p3_20260309_173838_losshistory_fit.png
