CCNN Parameter Log
Created      : 2026-03-03 14:52:47
Script       : Npred_MiniBatch_Adam_maxCandidate.m
Run folder   : fitTr88p5_fitVa87p6_20260303_145247

eta_out=0.0050 | eta_cand=0.0030 | output_epochs=300/300 | hidden=0/10 | regressors=8 | cand_runs=1
Output plateau epoch : none
Output stopped by moving-avg : 0
Candidate epochs (per unit)  : 300
Candidate plateau epochs      : NaN
N-step horizon : 1
Train obj MSE  : 0.0164219
Train series RMSE : 0.0963347
Val   RMSE      : 0.101928
Train Fit (%)   : 88.51
Val   Fit (%)   : 87.56

MSE history (per hidden unit added): 0.0132121618598077
Regressors.u : [1 2 3 4]
Regressors.y : [1 2 3 4]
Norm method  : ZScore
Activation   : tanh
Target MSE   : 0.0005
Plateau min delta  : 0
Moving avg window  : 20

Saved figure files:
 - fitTr88p5_fitVa87p6_20260303_145247_train_fit.png
 - fitTr88p5_fitVa87p6_20260303_145247_val_fit.png
 - fitTr88p5_fitVa87p6_20260303_145247_loss_fit.png
