CCNN Parameter Log
Created      : 2026-03-02 17:38:21
Script       : Npred_MiniBatch_Adam_maxCandidate.m
Run folder   : fitTr28p8_fitVa26p3_20260302_173821

eta_out=0.0080 | eta_cand=0.0050 | output_epochs=100/100 | hidden=0/15 | regressors=2 | cand_runs=1
Output plateau epoch : none
Output stopped by moving-avg : 0
Candidate epochs (per unit)  : 100
Candidate plateau epochs      : NaN
N-step horizon : 20
Train obj MSE  : 0.573807
Train series RMSE : 0.596716
Val   RMSE      : 0.603988
Train Fit (%)   : 28.80
Val   Fit (%)   : 26.27

MSE history (per hidden unit added): 0.531607983213877
Regressors.u : 0
Regressors.y : 1
Norm method  : ZScore
Activation   : tanh
Target MSE   : 0.001
Plateau min delta  : 0
Moving avg window  : 20

Saved figure files:
 - fitTr28p8_fitVa26p3_20260302_173821_train_fit.png
 - fitTr28p8_fitVa26p3_20260302_173821_val_fit.png
 - fitTr28p8_fitVa26p3_20260302_173821_loss_fit.png
