Data source : mrDamper
CCNN Parameter Log
Created      : 2026-05-05 17:44:03
Script       : writeParameterLog.m
Run folder   : fitTr68_fitVa65

eta_out=0.0050 | eta_cand=0.0030 | output_epochs=60/20 | hidden=10/15 | regressors=2 | cand_runs=11
Output plateau epoch : 60
Candidate epochs (per unit)  : [24 46 24 25 21 29 29 47 26 30 34]
Candidate plateau epochs      : [24 46 24 25 21 29 29 47 26 30 34]
Data source   : mrDamper
N-step horizon : 20
Train obj MSE  : 0.104448
Val   obj MSE  : 0.111373
Train series RMSE : 18.9515
Val   RMSE      : 19.5696
Train Fit (%)   : 67.67
Val   Fit (%)   : 65.10

Hidden units per stage : [0 1 2 3 4 5 6 7 8 9 10]
Train obj MSE history  : [0.233801046720253 0.232021114565808 0.221302780617833 0.19480203703194 0.195953704487355 0.138562722042731 0.13211987458188 0.116176904533703 0.107160528173959 0.0977739195163276 0.104447715887166]
Val   obj MSE history  : [0.260585173340348 0.259651336232862 0.247372772496623 0.219490330989 0.233248378263503 0.184060654262648 0.168152318646513 0.137033841089889 0.111972443682813 0.112469608779317 0.111372616206892]
Train RMSE history     : [28.3541406752609 28.2460041439683 27.585870907823 25.8815338632513 25.9579267898894 21.8281267700768 21.3146075405625 19.9872555174701 19.1959975970089 18.336007452941 18.9514628148527]
Val   RMSE history     : [29.9342316401834 29.8805471102243 29.1654856456032 27.4726757810469 28.3206085098647 25.1578628303559 24.0461025115669 21.7073685484957 19.6222517040253 19.6657655077325 19.5696237074482]
Train Fit history (%)  : [51.6279579850631 51.8124384422544 52.9386229032822 55.846214569411 55.7158885652022 62.7613096329603 63.6373712293965 65.9018280706387 67.2517106790225 68.7188501651991 67.6688859654134]
Val   Fit history (%)  : [46.6113341981175 46.7070822855635 47.9824174276626 51.0015983176643 49.4892829983508 55.1301417359098 57.113002055329 61.2842093692426 65.0030823874452 64.9254741176952 65.0969461135916]
Best validation stage  : #11 (hidden=10)
Best validation metric : validation fit = 65.0969
MSE history (final selected prefix): [0.233801046720253 0.232021114565808 0.221302780617833 0.19480203703194 0.195953704487355 0.138562722042731 0.13211987458188 0.116176904533703 0.107160528173959 0.0977739195163276 0.104447715887166]
Regressors.u : 1
Regressors.y : 1
Norm method  : zscore
Activation   : diff
Activation clipping : 1
Tustin sample time : 1
Diff clip lower : -50
Diff clip upper : 50
Sim loss eval interval : 20
Sim loss min blocks : 3
Output max epochs : 1000
Target MSE   : 0.0005
Plateau min delta  : 0
Moving avg window  : 20
Hidden bootstrap count : 4
Hidden acceptance window : 3

Saved figure files:
 - Train.png
 - Val.png
 - LossFinal.png
 - LossBeforeRevert.png
 - CandidateCorr.png
 - LossHistory.png
